Component: ARM Compiler 5.06 update 3 (build 300) Tool: armlink [4d35c9]

==============================================================================

Section Cross References

    main.o(i._Z10motor_STOPv) refers to mbed_critical.o(i.core_util_critical_section_enter) for core_util_critical_section_enter
    main.o(i._Z10motor_STOPv) refers to pwmout_api.o(i.pwmout_write) for pwmout_write
    main.o(i._Z10motor_STOPv) refers to mbed_critical.o(i.core_util_critical_section_exit) for core_util_critical_section_exit
    main.o(i._Z10motor_STOPv) refers to main.o(.bss) for .bss
    main.o(i.__sti___8_main_cpp_208481c8) refers to mbed_critical.o(i.core_util_critical_section_enter) for core_util_critical_section_enter
    main.o(i.__sti___8_main_cpp_208481c8) refers to pwmout_api.o(i.pwmout_init) for pwmout_init
    main.o(i.__sti___8_main_cpp_208481c8) refers to mbed_critical.o(i.core_util_critical_section_exit) for core_util_critical_section_exit
    main.o(i.__sti___8_main_cpp_208481c8) refers to mbed_gpio.o(i.gpio_init_in) for gpio_init_in
    main.o(i.__sti___8_main_cpp_208481c8) refers to mbed_gpio.o(i.gpio_init_out) for gpio_init_out
    main.o(i.__sti___8_main_cpp_208481c8) refers to main.o(.bss) for .bss
    main.o(i.main) refers to mbed_critical.o(i.core_util_critical_section_enter) for core_util_critical_section_enter
    main.o(i.main) refers to pwmout_api.o(i.pwmout_period_ms) for pwmout_period_ms
    main.o(i.main) refers to mbed_critical.o(i.core_util_critical_section_exit) for core_util_critical_section_exit
    main.o(i.main) refers to pwmout_api.o(i.pwmout_write) for pwmout_write
    main.o(i.main) refers to mbed_assert.o(i.mbed_assert_internal) for mbed_assert_internal
    main.o(i.main) refers to mbed_wait_api_no_rtos.o(i.wait) for wait
    main.o(i.main) refers to main.o(.bss) for .bss
    main.o(i.main) refers to main.o(.conststring) for .conststring
    main.o(.ARM.exidx) refers to main.o(i._Z10motor_STOPv) for i._Z10motor_STOPv
    main.o(.ARM.exidx) refers to main.o(i.main) for i.main
    main.o(.ARM.exidx) refers to main.o(i.__sti___8_main_cpp_208481c8) for i.__sti___8_main_cpp_208481c8
    main.o(.init_array) refers to main.o(i.__sti___8_main_cpp_208481c8) for __sti___8_main_cpp_208481c8
    main.o(.init_array) refers to init_aeabi.o(.text) for __cpp_initialize__aeabi_
    analogin_api.o(i.adc_read) refers to stm32f4xx_hal_adc.o(i.HAL_ADC_ConfigChannel) for HAL_ADC_ConfigChannel
    analogin_api.o(i.adc_read) refers to stm32f4xx_hal_adc.o(i.HAL_ADC_Start) for HAL_ADC_Start
    analogin_api.o(i.adc_read) refers to stm32f4xx_hal_adc.o(i.HAL_ADC_PollForConversion) for HAL_ADC_PollForConversion
    analogin_api.o(i.adc_read) refers to stm32f4xx_hal_adc.o(i.HAL_ADC_GetValue) for HAL_ADC_GetValue
    analogin_api.o(i.adc_read) refers to analogin_api.o(.bss) for .bss
    analogin_api.o(i.analogin_init) refers to mbed_pinmap_common.o(i.pinmap_peripheral) for pinmap_peripheral
    analogin_api.o(i.analogin_init) refers to mbed_assert.o(i.mbed_assert_internal) for mbed_assert_internal
    analogin_api.o(i.analogin_init) refers to mbed_pinmap_common.o(i.pinmap_function) for pinmap_function
    analogin_api.o(i.analogin_init) refers to mbed_pinmap_common.o(i.pinmap_pinout) for pinmap_pinout
    analogin_api.o(i.analogin_init) refers to stm32f4xx_hal_adc.o(i.HAL_ADC_Init) for HAL_ADC_Init
    analogin_api.o(i.analogin_init) refers to mbed_error.o(i.error) for error
    analogin_api.o(i.analogin_init) refers to PeripheralPins.o(.constdata) for PinMap_ADC
    analogin_api.o(i.analogin_init) refers to analogin_api.o(.conststring) for .conststring
    analogin_api.o(i.analogin_init) refers to analogin_api.o(.data) for .data
    analogin_api.o(i.analogin_init) refers to analogin_api.o(.bss) for .bss
    analogin_api.o(i.analogin_read) refers to analogin_api.o(i.adc_read) for adc_read
    analogin_api.o(i.analogin_read_u16) refers to analogin_api.o(i.adc_read) for adc_read
    cmsis_nvic.o(i.__NVIC_SetVector) refers to rt_memcpy_w.o(.text) for __aeabi_memcpy4
    gpio_api.o(i.gpio_dir) refers to mbed_assert.o(i.mbed_assert_internal) for mbed_assert_internal
    gpio_api.o(i.gpio_dir) refers to pinmap.o(i.pin_function) for pin_function
    gpio_api.o(i.gpio_dir) refers to gpio_api.o(.conststring) for .conststring
    gpio_api.o(i.gpio_init) refers to pinmap.o(i.Set_GPIO_Clock) for Set_GPIO_Clock
    gpio_api.o(i.gpio_init) refers to pinmap.o(i.pin_function) for pin_function
    gpio_api.o(i.gpio_mode) refers to pinmap.o(i.pin_mode) for pin_mode
    gpio_api.o(i.gpio_set) refers to mbed_assert.o(i.mbed_assert_internal) for mbed_assert_internal
    gpio_api.o(i.gpio_set) refers to pinmap.o(i.pin_function) for pin_function
    gpio_api.o(i.gpio_set) refers to gpio_api.o(.conststring) for .conststring
    gpio_irq_api.o(i.gpio_irq0) refers to gpio_irq_api.o(i.handle_interrupt_in) for handle_interrupt_in
    gpio_irq_api.o(i.gpio_irq1) refers to gpio_irq_api.o(i.handle_interrupt_in) for handle_interrupt_in
[...]
    .constdata                               0x08005698   Section      148  bigflt0.o(.constdata)
    tenpwrs_x                                0x08005698   Data          60  bigflt0.o(.constdata)
    tenpwrs_i                                0x080056d4   Data          64  bigflt0.o(.constdata)
    .constdata__ZZN12SingletonPtrI13PlatformMutexE3getEvEs 0x0800572c   Section       20  retarget.o(.constdata__ZZN12SingletonPtrI13PlatformMutexE3getEvEs)
    .constdata__ZZN12SingletonPtrI13PlatformMutexE3getEvEs_0 0x08005740   Section       78  retarget.o(.constdata__ZZN12SingletonPtrI13PlatformMutexE3getEvEs_0)
    .conststring                             0x08005790   Section       66  main.o(.conststring)
    .conststring                             0x080057d4   Section       87  gpio_api.o(.conststring)
    .conststring                             0x0800582c   Section      115  mbed_board.o(.conststring)
    .conststring                             0x080058a0   Section       85  pinmap.o(.conststring)
    .conststring                             0x080058f8   Section       89  pwmout_api.o(.conststring)
    .conststring                             0x08005954   Section       89  serial_api.o(.conststring)
    .conststring                             0x080059b0   Section       67  mbed_critical.o(.conststring)
    locale$$data                             0x08005a14   Section       28  lc_numeric_c.o(locale$$data)
    __lcnum_c_name                           0x08005a18   Data           2  lc_numeric_c.o(locale$$data)
    __lcnum_c_start                          0x08005a20   Data           0  lc_numeric_c.o(locale$$data)
    __lcnum_c_point                          0x08005a2c   Data           0  lc_numeric_c.o(locale$$data)
    __lcnum_c_thousands                      0x08005a2e   Data           0  lc_numeric_c.o(locale$$data)
    __lcnum_c_grouping                       0x08005a2f   Data           0  lc_numeric_c.o(locale$$data)
    locale$$data                             0x08005a30   Section      272  lc_ctype_c.o(locale$$data)
    __lcnum_c_end                            0x08005a30   Data           0  lc_numeric_c.o(locale$$data)
    __lcctype_c_name                         0x08005a34   Data           2  lc_ctype_c.o(locale$$data)
    __lcctype_c_start                        0x08005a3c   Data           0  lc_ctype_c.o(locale$$data)
    .init_array                              0x08005b40   Section        4  main.o(.init_array)
    __lcctype_c_end                          0x08005b40   Data           0  lc_ctype_c.o(locale$$data)
    .init_array                              0x08005b44   Section        0  init_aeabi.o(.init_array)
    .data                                    0x20000194   Section        4  hal_tick.o(.data)
    .data                                    0x20000198   Section        8  retarget.o(.data)
    filehandle_mutex                         0x20000198   Data           8  retarget.o(.data)
    .data                                    0x200001a0   Section        8  serial_api.o(.data)
    irq_handler                              0x200001a4   Data           4  serial_api.o(.data)
    .data                                    0x200001a8   Section        4  stm32f4xx_hal.o(.data)
    .data                                    0x200001ac   Section        4  system_stm32f4xx.o(.data)
    .data                                    0x200001b0   Section        4  us_ticker.o(.data)
    us_ticker_inited                         0x200001b0   Data           4  us_ticker.o(.data)
    .data                                    0x200001b4   Section        8  mbed_us_ticker_api.o(.data)
    events                                   0x200001b4   Data           8  mbed_us_ticker_api.o(.data)
    .data                                    0x200001bc   Section        8  mbed_critical.o(.data)
    critical_interrupts_disabled             0x200001bc   Data           1  mbed_critical.o(.data)
    interrupt_enable_counter                 0x200001c0   Data           4  mbed_critical.o(.data)
    .data                                    0x200001c4   Section       12  FileBase.o(.data)
    .data                                    0x200001d0   Section        4  stdio_streams.o(.data)
    .data                                    0x200001d4   Section        4  stdio_streams.o(.data)
    .data                                    0x200001d8   Section        4  stdio_streams.o(.data)
    .data                                    0x200001dc   Section        4  heapauxa.o(.data)
    __rt_heap_escrow_base                    0x200001dc   Data           4  heapauxa.o(.data)
    .bss                                     0x200001e0   Section      128  main.o(.bss)
    .bss                                     0x20000260   Section       60  hal_tick.o(.bss)
    .bss                                     0x2000029c   Section       60  pwmout_api.o(.bss)
    TimHandle                                0x2000029c   Data          60  pwmout_api.o(.bss)
    .bss                                     0x200002d8   Section       64  retarget.o(.bss)
    filehandles                              0x200002d8   Data          64  retarget.o(.bss)
    .bss                                     0x20000318   Section      620  serial_api.o(.bss)
    serial_irq_ids                           0x20000318   Data          32  serial_api.o(.bss)
    uart_handlers                            0x20000338   Data         512  serial_api.o(.bss)
    .bss                                     0x20000584   Section       60  us_ticker.o(.bss)
    TimMasterHandle                          0x20000584   Data          60  us_ticker.o(.bss)
    .bss                                     0x200005c0   Section       84  stdio_streams.o(.bss)
    .bss                                     0x20000614   Section       84  stdio_streams.o(.bss)
    .bss                                     0x20000668   Section       84  stdio_streams.o(.bss)
    .bss                                     0x200006bc   Section        4  rt_heap_descriptor.o(.bss)
    __rt_heap_descriptor_data                0x200006bc   Data           4  rt_heap_descriptor.o(.bss)
    .bss                                     0x200006c0   Section       20  rt_locale.o(.bss)
    __rt_locale_data                         0x200006c0   Data          20  rt_locale.o(.bss)
    .bss                                     0x200006d4   Section        4  rt_errno_addr.o(.bss)
    __aeabi_errno_addr_data                  0x200006d4   Data           4  rt_errno_addr.o(.bss)

    Global Symbols

    Symbol Name                              Value     Ov Type        Size  Object(Section)

    BuildAttributes$$THM_ISAv4$E$P$D$K$B$S$7EM$VFPi3$EXTD16$VFPS$VFMA$PE$A:L22UL41UL21$X:L11$S22US41US21$IEEE1$IW$USESV6$~STKCKD$USESV7$~SHL$OTIME$ROPI$IEEEJ$EBA8$UX$STANDARDLIB$REQ8$PRES8$EABIv2 0x00000000   Number         0  anon$$obj.o ABSOLUTE
    __ARM_use_no_argv                        0x00000000   Number         0  main.o ABSOLUTE
    _printf_flags                            0x00000000   Number         0  printf_stubs.o ABSOLUTE
    _printf_return_value                     0x00000000   Number         0  printf_stubs.o ABSOLUTE
    _printf_sizespec                         0x00000000   Number         0  printf_stubs.o ABSOLUTE
    _printf_widthprec                        0x00000000   Number         0  printf_stubs.o ABSOLUTE
    __ARM::default_unexpected_handler()       - Undefined Weak Reference
    __ARM_exceptions_buffer_required          - Undefined Weak Reference
    __ARM_exceptions_init                     - Undefined Weak Reference
    __alloca_initialize                       - Undefined Weak Reference
    __arm_preinit_                            - Undefined Weak Reference
    __rt_lib_shutdown                         - Undefined Weak Reference
    __sigvec_lookup                           - Undefined Weak Reference
    __user_heap_extent                        - Undefined Weak Reference
    _atexit_init                              - Undefined Weak Reference
    _clock_init                               - Undefined Weak Reference
    _fp_trap_init                             - Undefined Weak Reference
    _fp_trap_shutdown                         - Undefined Weak Reference
    _get_lc_collate                           - Undefined Weak Reference
    _get_lc_monetary                          - Undefined Weak Reference
    _get_lc_time                              - Undefined Weak Reference
    _getenv_init                              - Undefined Weak Reference
    _handle_redirection                       - Undefined Weak Reference
    _mutex_acquire                            - Undefined Weak Reference
    _mutex_free                               - Undefined Weak Reference
    _mutex_release                            - Undefined Weak Reference
    _printf_mbtowc                            - Undefined Weak Reference
    _printf_wc                                - Undefined Weak Reference
    _rand_init                                - Undefined Weak Reference
    _scanf_longlong                           - Undefined Weak Reference
    _scanf_mbtowc                             - Undefined Weak Reference
    _scanf_real                               - Undefined Weak Reference
    _scanf_string                             - Undefined Weak Reference
    _scanf_wctomb                             - Undefined Weak Reference
    _scanf_wstring                            - Undefined Weak Reference
    _signal_finish                            - Undefined Weak Reference
    _signal_init                              - Undefined Weak Reference
    __Vectors_Size                           0x00000194   Number         0  startup_stm32f401xe.o ABSOLUTE
    __Vectors                                0x08000000   Data           4  startup_stm32f401xe.o(RESET)
    __Vectors_End                            0x08000194   Data           0  startup_stm32f401xe.o(RESET)
    __main                                   0x08000195   Thumb Code     8  __main.o(!!!main)
    __scatterload                            0x0800019d   Thumb Code     0  __scatter.o(!!!scatter)
    __scatterload_rt2                        0x0800019d   Thumb Code    44  __scatter.o(!!!scatter)
    __scatterload_rt2_thumb_only             0x0800019d   Thumb Code     0  __scatter.o(!!!scatter)
    __scatterload_null                       0x080001ab   Thumb Code     0  __scatter.o(!!!scatter)
    __scatterload_copy                       0x080001d1   Thumb Code    26  __scatter_copy.o(!!handler_copy)
    __scatterload_zeroinit                   0x080001ed   Thumb Code    28  __scatter_zi.o(!!handler_zi)
    _printf_n                                0x08000209   Thumb Code     0  _printf_n.o(.ARM.Collect$$_printf_percent$$00000001)
    _printf_percent                          0x08000209   Thumb Code     0  _printf_percent.o(.ARM.Collect$$_printf_percent$$00000000)
    _printf_p                                0x0800020f   Thumb Code     0  _printf_p.o(.ARM.Collect$$_printf_percent$$00000002)
    _printf_f                                0x08000215   Thumb Code     0  _printf_f.o(.ARM.Collect$$_printf_percent$$00000003)
    _printf_e                                0x0800021b   Thumb Code     0  _printf_e.o(.ARM.Collect$$_printf_percent$$00000004)
    _printf_g                                0x08000221   Thumb Code     0  _printf_g.o(.ARM.Collect$$_printf_percent$$00000005)
    _printf_a                                0x08000227   Thumb Code     0  _printf_a.o(.ARM.Collect$$_printf_percent$$00000006)
    _printf_ll                               0x0800022d   Thumb Code     0  _printf_ll.o(.ARM.Collect$$_printf_percent$$00000007)
    _printf_i                                0x08000237   Thumb Code     0  _printf_i.o(.ARM.Collect$$_printf_percent$$00000008)
    _printf_d                                0x0800023d   Thumb Code     0  _printf_d.o(.ARM.Collect$$_printf_percent$$00000009)
    _printf_u                                0x08000243   Thumb Code     0  _printf_u.o(.ARM.Collect$$_printf_percent$$0000000A)
    _printf_o                                0x08000249   Thumb Code     0  _printf_o.o(.ARM.Collect$$_printf_percent$$0000000B)
    _printf_x                                0x0800024f   Thumb Code     0  _printf_x.o(.ARM.Collect$$_printf_percent$$0000000C)
    _printf_lli                              0x08000255   Thumb Code     0  _printf_lli.o(.ARM.Collect$$_printf_percent$$0000000D)
    _printf_lld                              0x0800025b   Thumb Code     0  _printf_lld.o(.ARM.Collect$$_printf_percent$$0000000E)
    _printf_llu                              0x08000261   Thumb Code     0  _printf_llu.o(.ARM.Collect$$_printf_percent$$0000000F)
    _printf_llo                              0x08000267   Thumb Code     0  _printf_llo.o(.ARM.Collect$$_printf_percent$$00000010)
    _printf_llx                              0x0800026d   Thumb Code     0  _printf_llx.o(.ARM.Collect$$_printf_percent$$00000011)
    _printf_l                                0x08000273   Thumb Code     0  _printf_l.o(.ARM.Collect$$_printf_percent$$00000012)
    _printf_c                                0x0800027d   Thumb Code     0  _printf_c.o(.ARM.Collect$$_printf_percent$$00000013)
    _printf_s                                0x08000283   Thumb Code     0  _printf_s.o(.ARM.Collect$$_printf_percent$$00000014)
    _printf_lc                               0x08000289   Thumb Code     0  _printf_lc.o(.ARM.Collect$$_printf_percent$$00000015)
    _printf_ls                               0x0800028f   Thumb Code     0  _printf_ls.o(.ARM.Collect$$_printf_percent$$00000016)
    _printf_percent_end                      0x08000295   Thumb Code     0  _printf_percent_end.o(.ARM.Collect$$_printf_percent$$00000017)
    __rt_lib_init                            0x08000299   Thumb Code     0  libinit.o(.ARM.Collect$$libinit$$00000000)
    __rt_lib_init_fp_1                       0x0800029b   Thumb Code     0  libinit2.o(.ARM.Collect$$libinit$$00000001)
    __rt_lib_init_heap_2                     0x0800029f   Thumb Code     0  libinit2.o(.ARM.Collect$$libinit$$00000005)
    __rt_lib_init_preinit_1                  0x0800029f   Thumb Code     0  libinit2.o(.ARM.Collect$$libinit$$00000004)
    __rt_lib_init_heap_1                     0x080002a7   Thumb Code     0  libinit2.o(.ARM.Collect$$libinit$$0000000A)
    __rt_lib_init_lc_common                  0x080002a7   Thumb Code     0  libinit2.o(.ARM.Collect$$libinit$$0000000F)
    __rt_lib_init_rand_1                     0x080002a7   Thumb Code     0  libinit2.o(.ARM.Collect$$libinit$$0000000E)
    __rt_lib_init_user_alloc_1               0x080002a7   Thumb Code     0  libinit2.o(.ARM.Collect$$libinit$$0000000C)
    __rt_lib_init_lc_collate_1               0x080002ad   Thumb Code     0  libinit2.o(.ARM.Collect$$libinit$$00000011)
    __rt_lib_init_lc_ctype_2                 0x080002ad   Thumb Code     0  libinit2.o(.ARM.Collect$$libinit$$00000012)
    __rt_lib_init_lc_ctype_1                 0x080002b9   Thumb Code     0  libinit2.o(.ARM.Collect$$libinit$$00000013)
    __rt_lib_init_lc_monetary_1              0x080002b9   Thumb Code     0  libinit2.o(.ARM.Collect$$libinit$$00000015)
    __rt_lib_init_lc_numeric_2               0x080002b9   Thumb Code     0  libinit2.o(.ARM.Collect$$libinit$$00000016)
    __rt_lib_init_atexit_1                   0x080002c3   Thumb Code     0  libinit2.o(.ARM.Collect$$libinit$$0000001B)
    __rt_lib_init_clock_1                    0x080002c3   Thumb Code     0  libinit2.o(.ARM.Collect$$libinit$$00000021)
    __rt_lib_init_fp_trap_1                  0x080002c3   Thumb Code     0  libinit2.o(.ARM.Collect$$libinit$$0000001F)
    __rt_lib_init_getenv_1                   0x080002c3   Thumb Code     0  libinit2.o(.ARM.Collect$$libinit$$00000023)
    __rt_lib_init_lc_numeric_1               0x080002c3   Thumb Code     0  libinit2.o(.ARM.Collect$$libinit$$00000017)
    __rt_lib_init_lc_time_1                  0x080002c3   Thumb Code     0  libinit2.o(.ARM.Collect$$libinit$$00000019)
    __rt_lib_init_signal_1                   0x080002c3   Thumb Code     0  libinit2.o(.ARM.Collect$$libinit$$0000001D)
    __rt_lib_init_stdio_2                    0x080002c3   Thumb Code     0  libinit2.o(.ARM.Collect$$libinit$$00000024)
    __rt_lib_init_alloca_1                   0x080002c7   Thumb Code     0  libinit2.o(.ARM.Collect$$libinit$$0000002E)
    __rt_lib_init_argv_1                     0x080002c7   Thumb Code     0  libinit2.o(.ARM.Collect$$libinit$$0000002C)
    __rt_lib_init_cpp_2                      0x080002c7   Thumb Code     0  libinit2.o(.ARM.Collect$$libinit$$00000031)
    __rt_lib_init_exceptions_1               0x080002c7   Thumb Code     0  libinit2.o(.ARM.Collect$$libinit$$00000030)
    __rt_lib_init_stdio_1                    0x080002c7   Thumb Code     0  libinit2.o(.ARM.Collect$$libinit$$00000025)
    __rt_lib_init_cpp_1                      0x080002cb   Thumb Code     0  libinit2.o(.ARM.Collect$$libinit$$00000032)
    __rt_lib_init_return                     0x080002cb   Thumb Code     0  libinit2.o(.ARM.Collect$$libinit$$00000033)
    __rt_entry                               0x080002cd   Thumb Code     0  __rtentry.o(.ARM.Collect$$rtentry$$00000000)
    __rt_entry_presh_1                       0x080002cd   Thumb Code     0  __rtentry2.o(.ARM.Collect$$rtentry$$00000002)
    __rt_entry_sh                            0x080002cd   Thumb Code     0  __rtentry4.o(.ARM.Collect$$rtentry$$00000004)
    __rt_lib_shutdown_stdio_2                0x080002cd   Thumb Code     0  libshutdown2.o(.ARM.Collect$$libshutdown$$00000004)
    __rt_entry_postsh_1                      0x080002d3   Thumb Code     0  __rtentry2.o(.ARM.Collect$$rtentry$$00000008)
    __rt_entry_li                            0x080002db   Thumb Code     0  __rtentry2.o(.ARM.Collect$$rtentry$$0000000A)
    __rt_entry_main                          0x080002df   Thumb Code     0  __rtentry2.o(.ARM.Collect$$rtentry$$0000000D)
    __rt_entry_postli_1                      0x080002df   Thumb Code     0  __rtentry2.o(.ARM.Collect$$rtentry$$0000000C)
    Reset_Handler                            0x080002e9   Thumb Code     8  startup_stm32f401xe.o(.text)
    _maybe_terminate_alloc                   0x080002e9   Thumb Code     0  maybetermalloc1.o(.emb_text)
    NMI_Handler                              0x080002f1   Thumb Code     2  startup_stm32f401xe.o(.text)
    HardFault_Handler                        0x080002f3   Thumb Code     2  startup_stm32f401xe.o(.text)
    MemManage_Handler                        0x080002f5   Thumb Code     2  startup_stm32f401xe.o(.text)
    BusFault_Handler                         0x080002f7   Thumb Code     2  startup_stm32f401xe.o(.text)
    UsageFault_Handler                       0x080002f9   Thumb Code     2  startup_stm32f401xe.o(.text)
    SVC_Handler                              0x080002fb   Thumb Code     2  startup_stm32f401xe.o(.text)
    DebugMon_Handler                         0x080002fd   Thumb Code     2  startup_stm32f401xe.o(.text)
    PendSV_Handler                           0x080002ff   Thumb Code     2  startup_stm32f401xe.o(.text)
    SysTick_Handler                          0x08000301   Thumb Code     2  startup_stm32f401xe.o(.text)
    ADC_IRQHandler                           0x08000303   Thumb Code     0  startup_stm32f401xe.o(.text)
    DMA1_Stream0_IRQHandler                  0x08000303   Thumb Code     0  startup_stm32f401xe.o(.text)
    DMA1_Stream1_IRQHandler                  0x08000303   Thumb Code     0  startup_stm32f401xe.o(.text)
    DMA1_Stream2_IRQHandler                  0x08000303   Thumb Code     0  startup_stm32f401xe.o(.text)
    DMA1_Stream3_IRQHandler                  0x08000303   Thumb Code     0  startup_stm32f401xe.o(.text)
    DMA1_Stream4_IRQHandler                  0x08000303   Thumb Code     0  startup_stm32f401xe.o(.text)
    DMA1_Stream5_IRQHandler                  0x08000303   Thumb Code     0  startup_stm32f401xe.o(.text)
    DMA1_Stream6_IRQHandler                  0x08000303   Thumb Code     0  startup_stm32f401xe.o(.text)
    DMA1_Stream7_IRQHandler                  0x08000303   Thumb Code     0  startup_stm32f401xe.o(.text)
    DMA2_Stream0_IRQHandler                  0x08000303   Thumb Code     0  startup_stm32f401xe.o(.text)
    DMA2_Stream1_IRQHandler                  0x08000303   Thumb Code     0  startup_stm32f401xe.o(.text)
    DMA2_Stream2_IRQHandler                  0x08000303   Thumb Code     0  startup_stm32f401xe.o(.text)
    DMA2_Stream3_IRQHandler                  0x08000303   Thumb Code     0  startup_stm32f401xe.o(.text)
    DMA2_Stream4_IRQHandler                  0x08000303   Thumb Code     0  startup_stm32f401xe.o(.text)
    DMA2_Stream5_IRQHandler                  0x08000303   Thumb Code     0  startup_stm32f401xe.o(.text)
    DMA2_Stream6_IRQHandler                  0x08000303   Thumb Code     0  startup_stm32f401xe.o(.text)
    DMA2_Stream7_IRQHandler                  0x08000303   Thumb Code     0  startup_stm32f401xe.o(.text)
    EXTI0_IRQHandler                         0x08000303   Thumb Code     0  startup_stm32f401xe.o(.text)
    EXTI15_10_IRQHandler                     0x08000303   Thumb Code     0  startup_stm32f401xe.o(.text)
    EXTI1_IRQHandler                         0x08000303   Thumb Code     0  startup_stm32f401xe.o(.text)
    EXTI2_IRQHandler                         0x08000303   Thumb Code     0  startup_stm32f401xe.o(.text)
    EXTI3_IRQHandler                         0x08000303   Thumb Code     0  startup_stm32f401xe.o(.text)
    EXTI4_IRQHandler                         0x08000303   Thumb Code     0  startup_stm32f401xe.o(.text)
    EXTI9_5_IRQHandler                       0x08000303   Thumb Code     0  startup_stm32f401xe.o(.text)
    FLASH_IRQHandler                         0x08000303   Thumb Code     0  startup_stm32f401xe.o(.text)
    FPU_IRQHandler                           0x08000303   Thumb Code     0  startup_stm32f401xe.o(.text)
    I2C1_ER_IRQHandler                       0x08000303   Thumb Code     0  startup_stm32f401xe.o(.text)
    I2C1_EV_IRQHandler                       0x08000303   Thumb Code     0  startup_stm32f401xe.o(.text)
    I2C2_ER_IRQHandler                       0x08000303   Thumb Code     0  startup_stm32f401xe.o(.text)
    I2C2_EV_IRQHandler                       0x08000303   Thumb Code     0  startup_stm32f401xe.o(.text)
    I2C3_ER_IRQHandler                       0x08000303   Thumb Code     0  startup_stm32f401xe.o(.text)
    I2C3_EV_IRQHandler                       0x08000303   Thumb Code     0  startup_stm32f401xe.o(.text)
    OTG_FS_IRQHandler                        0x08000303   Thumb Code     0  startup_stm32f401xe.o(.text)
    OTG_FS_WKUP_IRQHandler                   0x08000303   Thumb Code     0  startup_stm32f401xe.o(.text)
    PVD_IRQHandler                           0x08000303   Thumb Code     0  startup_stm32f401xe.o(.text)
    RCC_IRQHandler                           0x08000303   Thumb Code     0  startup_stm32f401xe.o(.text)
    RTC_Alarm_IRQHandler                     0x08000303   Thumb Code     0  startup_stm32f401xe.o(.text)
    RTC_WKUP_IRQHandler                      0x08000303   Thumb Code     0  startup_stm32f401xe.o(.text)
    SDIO_IRQHandler                          0x08000303   Thumb Code     0  startup_stm32f401xe.o(.text)
    SPI1_IRQHandler                          0x08000303   Thumb Code     0  startup_stm32f401xe.o(.text)
    SPI2_IRQHandler                          0x08000303   Thumb Code     0  startup_stm32f401xe.o(.text)
    SPI3_IRQHandler                          0x08000303   Thumb Code     0  startup_stm32f401xe.o(.text)
    SPI4_IRQHandler                          0x08000303   Thumb Code     0  startup_stm32f401xe.o(.text)
    TAMP_STAMP_IRQHandler                    0x08000303   Thumb Code     0  startup_stm32f401xe.o(.text)
    TIM1_BRK_TIM9_IRQHandler                 0x08000303   Thumb Code     0  startup_stm32f401xe.o(.text)
    TIM1_CC_IRQHandler                       0x08000303   Thumb Code     0  startup_stm32f401xe.o(.text)
    TIM1_TRG_COM_TIM11_IRQHandler            0x08000303   Thumb Code     0  startup_stm32f401xe.o(.text)
    TIM1_UP_TIM10_IRQHandler                 0x08000303   Thumb Code     0  startup_stm32f401xe.o(.text)
    TIM2_IRQHandler                          0x08000303   Thumb Code     0  startup_stm32f401xe.o(.text)
    TIM3_IRQHandler                          0x08000303   Thumb Code     0  startup_stm32f401xe.o(.text)
    TIM4_IRQHandler                          0x08000303   Thumb Code     0  startup_stm32f401xe.o(.text)
    TIM5_IRQHandler                          0x08000303   Thumb Code     0  startup_stm32f401xe.o(.text)
    USART1_IRQHandler                        0x08000303   Thumb Code     0  startup_stm32f401xe.o(.text)
    USART2_IRQHandler                        0x08000303   Thumb Code     0  startup_stm32f401xe.o(.text)
    USART6_IRQHandler                        0x08000303   Thumb Code     0  startup_stm32f401xe.o(.text)
    WWDG_IRQHandler                          0x08000303   Thumb Code     0  startup_stm32f401xe.o(.text)
    malloc                                   0x0800030d   Thumb Code    94  h1_alloc.o(.text)
    free                                     0x0800036b   Thumb Code    78  h1_free.o(.text)
    vsprintf                                 0x080003b9   Thumb Code    32  vsprintf.o(.text)
    __0sscanf                                0x080003dd   Thumb Code    52  __0sscanf.o(.text)
    _scanf_int                               0x08000419   Thumb Code   332  _scanf_int.o(.text)
    _do_fflush                               0x08000565   Thumb Code    54  fflush.o(.text)
    fflush                                   0x0800059b   Thumb Code    42  fflush.o(.text)
    strlen                                   0x080005c9   Thumb Code    62  strlen.o(.text)
    strncmp                                  0x08000607   Thumb Code   150  strncmp.o(.text)
    __aeabi_memcpy4                          0x0800069d   Thumb Code     0  rt_memcpy_w.o(.text)
    __aeabi_memcpy8                          0x0800069d   Thumb Code     0  rt_memcpy_w.o(.text)
    __rt_memcpy_w                            0x0800069d   Thumb Code   100  rt_memcpy_w.o(.text)
    _memcpy_lastbytes_aligned                0x080006e5   Thumb Code     0  rt_memcpy_w.o(.text)
    __aeabi_memclr4                          0x08000701   Thumb Code     0  rt_memclr_w.o(.text)
    __aeabi_memclr8                          0x08000701   Thumb Code     0  rt_memclr_w.o(.text)
    __rt_memclr_w                            0x08000701   Thumb Code    78  rt_memclr_w.o(.text)
    _memset_w                                0x08000705   Thumb Code     0  rt_memclr_w.o(.text)
    strcmp                                   0x08000751   Thumb Code   128  strcmpv7m.o(.text)
    __cpp_initialize__aeabi_                 0x080007d1   Thumb Code    26  init_aeabi.o(.text)
    __rt_heap_descriptor                     0x080007f5   Thumb Code     8  rt_heap_descriptor.o(.text)
    __use_no_heap                            0x080007fd   Thumb Code     2  hguard.o(.text)
    __heap$guard                             0x080007ff   Thumb Code     2  hguard.o(.text)
    _terminate_user_alloc                    0x08000801   Thumb Code     2  init_alloc.o(.text)
    _init_user_alloc                         0x08000803   Thumb Code     2  init_alloc.o(.text)
    __Heap_Full                              0x08000805   Thumb Code    34  init_alloc.o(.text)
    __Heap_Broken                            0x08000827   Thumb Code     6  init_alloc.o(.text)
    _init_alloc                              0x0800082d   Thumb Code    94  init_alloc.o(.text)
    __Heap_Initialize                        0x0800088b   Thumb Code    10  h1_init.o(.text)
    __Heap_DescSize                          0x08000895   Thumb Code     4  h1_init.o(.text)
    _printf_pre_padding                      0x08000899   Thumb Code    44  _printf_pad.o(.text)
    _printf_post_padding                     0x080008c5   Thumb Code    34  _printf_pad.o(.text)
    _printf_truncate_signed                  0x080008e7   Thumb Code    18  _printf_truncate.o(.text)
    _printf_truncate_unsigned                0x080008f9   Thumb Code    18  _printf_truncate.o(.text)
    _printf_str                              0x0800090b   Thumb Code    82  _printf_str.o(.text)
    _printf_int_dec                          0x0800095d   Thumb Code   104  _printf_dec.o(.text)
    _printf_charcount                        0x080009d5   Thumb Code    40  _printf_charcount.o(.text)
    _printf_char_common                      0x08000a07   Thumb Code    32  _printf_char_common.o(.text)
    _sputc                                   0x08000a2d   Thumb Code    10  _sputc.o(.text)
    _printf_wctomb                           0x08000a39   Thumb Code   182  _printf_wctomb.o(.text)
    _printf_longlong_dec                     0x08000af5   Thumb Code   108  _printf_longlong_dec.o(.text)
    _printf_longlong_oct                     0x08000b71   Thumb Code    68  _printf_oct_int_ll.o(.text)
    _printf_int_oct                          0x08000bb5   Thumb Code    24  _printf_oct_int_ll.o(.text)
    _printf_ll_oct                           0x08000bcd   Thumb Code    12  _printf_oct_int_ll.o(.text)
    _printf_longlong_hex                     0x08000be1   Thumb Code    86  _printf_hex_int_ll_ptr.o(.text)
    _printf_int_hex                          0x08000c37   Thumb Code    28  _printf_hex_int_ll_ptr.o(.text)
    _printf_ll_hex                           0x08000c53   Thumb Code    12  _printf_hex_int_ll_ptr.o(.text)
    _printf_hex_ptr                          0x08000c5f   Thumb Code    18  _printf_hex_int_ll_ptr.o(.text)
    __printf                                 0x08000c75   Thumb Code   388  __printf_flags_ss_wp.o(.text)
    _chval                                   0x08000dfd   Thumb Code    28  _chval.o(.text)
    __vfscanf_char                           0x08000e25   Thumb Code    24  scanf_char.o(.text)
    _sgetc                                   0x08000e45   Thumb Code    30  _sgetc.o(.text)
    _sbackspace                              0x08000e63   Thumb Code    34  _sgetc.o(.text)
    _fseek                                   0x08000e85   Thumb Code   242  fseek.o(.text)
    fseek                                    0x08000e85   Thumb Code     0  fseek.o(.text)
    setvbuf                                  0x08000f7d   Thumb Code    70  setvbuf.o(.text)
    _seterr                                  0x08000fc5   Thumb Code    20  stdio.o(.text)
    _writebuf                                0x08000fd9   Thumb Code    84  stdio.o(.text)
    _fflush                                  0x0800102d   Thumb Code    70  stdio.o(.text)
    _deferredlazyseek                        0x08001073   Thumb Code    60  stdio.o(.text)
    _initio                                  0x080010b5   Thumb Code   210  initio.o(.text)
    _terminateio                             0x08001187   Thumb Code    56  initio.o(.text)
    __Heap_ProvideMemory                     0x080011ed   Thumb Code    52  h1_extend.o(.text)
    _ll_udiv10                               0x08001221   Thumb Code   138  lludiv10.o(.text)
    isspace                                  0x080012ab   Thumb Code    18  isspace.o(.text)
    _printf_int_common                       0x080012bd   Thumb Code   178  _printf_intcommon.o(.text)
    __lib_sel_fp_printf                      0x0800136f   Thumb Code     2  _printf_fp_dec.o(.text)
    _printf_fp_dec_real                      0x0800151d   Thumb Code   620  _printf_fp_dec.o(.text)
    _printf_fp_hex_real                      0x08001789   Thumb Code   756  _printf_fp_hex.o(.text)
    _printf_cs_common                        0x08001a85   Thumb Code    20  _printf_char.o(.text)
    _printf_char                             0x08001a99   Thumb Code    16  _printf_char.o(.text)
    _printf_string                           0x08001aa9   Thumb Code     8  _printf_char.o(.text)
    _printf_lcs_common                       0x08001ab1   Thumb Code    20  _printf_wchar.o(.text)
    _printf_wchar                            0x08001ac5   Thumb Code    16  _printf_wchar.o(.text)
    _printf_wstring                          0x08001ad5   Thumb Code     8  _printf_wchar.o(.text)
    __vfscanf                                0x08001add   Thumb Code   878  _scanf.o(.text)
    _ftell_internal                          0x08001e51   Thumb Code    66  ftell.o(.text)
    ftell                                    0x08001e51   Thumb Code     0  ftell.o(.text)
    freopen                                  0x08001e95   Thumb Code   158  fopen.o(.text)
    fopen                                    0x08001f33   Thumb Code    74  fopen.o(.text)
    _fclose_internal                         0x08001f81   Thumb Code    76  fclose.o(.text)
    fclose                                   0x08001f81   Thumb Code     0  fclose.o(.text)
    _wcrtomb                                 0x08001fcd   Thumb Code    64  _wcrtomb.o(.text)
    __sig_exit                               0x0800200d   Thumb Code    10  defsig_exit.o(.text)
    __rt_SIGRTRED                            0x08002017   Thumb Code    14  defsig_rtred_outer.o(.text)
    __rt_SIGRTMEM                            0x08002025   Thumb Code    14  defsig_rtmem_outer.o(.text)
    __rt_heap_escrow                         0x08002035   Thumb Code    22  heapauxa.o(.text)
    __rt_heap_expand                         0x0800204b   Thumb Code    52  heapauxa.o(.text)
    _sys_exit                                0x08002085   Thumb Code     8  sys_exit.o(.text)
    __rt_ctype_table                         0x08002091   Thumb Code    16  rt_ctype_table.o(.text)
    __rt_locale                              0x080020a1   Thumb Code     8  rt_locale.o(.text)
    __aeabi_errno_addr                       0x080020a9   Thumb Code     8  rt_errno_addr.o(.text)
    __errno                                  0x080020a9   Thumb Code     0  rt_errno_addr.o(.text)
    __rt_errno_addr                          0x080020a9   Thumb Code     0  rt_errno_addr.o(.text)
    _printf_fp_infnan                        0x080020b1   Thumb Code   112  _printf_fp_infnan.o(.text)
    _btod_etento                             0x08002131   Thumb Code   216  bigflt0.o(.text)
    __default_signal_display                 0x0800220d   Thumb Code    50  defsig_general.o(.text)
    __rt_SIGRTRED_inner                      0x08002241   Thumb Code    14  defsig_rtred_inner.o(.text)
    __rt_SIGRTMEM_inner                      0x08002275   Thumb Code    22  defsig_rtmem_inner.o(.text)
    _ttywrch                                 0x080022c5   Thumb Code    14  sys_wrch.o(.text)
    __I$use$semihosting                      0x080022d3   Thumb Code     0  use_no_semi.o(.text)
    __use_no_semihosting_swi                 0x080022d3   Thumb Code     2  use_no_semi.o(.text)
    __semihosting_library_function           0x080022d5   Thumb Code     0  indicate_semi.o(.text)
    _btod_d2e                                0x080022d5   Thumb Code    62  btod.o(CL$$btod_d2e)
    _d2e_denorm_low                          0x08002313   Thumb Code    70  btod.o(CL$$btod_d2e_denorm_low)
    _d2e_norm_op1                            0x08002359   Thumb Code    96  btod.o(CL$$btod_d2e_norm_op1)
    __btod_div_common                        0x080023b9   Thumb Code   696  btod.o(CL$$btod_div_common)
    _e2e                                     0x080026f1   Thumb Code   198  btod.o(CL$$btod_e2e)
    _btod_ediv                               0x080027b7   Thumb Code    40  btod.o(CL$$btod_ediv)
    _btod_emul                               0x080027df   Thumb Code    40  btod.o(CL$$btod_emul)
    __btod_mult_common                       0x08002807   Thumb Code   580  btod.o(CL$$btod_mult_common)
    main                                     0x08002a4b   Thumb Code    14  retarget.o(i.$Sub$$main)
    HAL_GPIO_Init                            0x08002a59   Thumb Code   494  stm32f4xx_hal_gpio.o(i.HAL_GPIO_Init)
    HAL_GetTick                              0x08002c5d   Thumb Code     6  stm32f4xx_hal.o(i.HAL_GetTick)
    HAL_IncTick                              0x08002c69   Thumb Code    10  stm32f4xx_hal.o(i.HAL_IncTick)
    HAL_Init                                 0x08002c79   Thumb Code    48  stm32f4xx_hal.o(i.HAL_Init)
    HAL_InitTick                             0x08002cad   Thumb Code   142  hal_tick.o(i.HAL_InitTick)
    HAL_MspInit                              0x08002d61   Thumb Code     2  stm32f4xx_hal_msp_template.o(i.HAL_MspInit)
    HAL_NVIC_SetPriorityGrouping             0x08002d65   Thumb Code    30  stm32f4xx_hal_cortex.o(i.HAL_NVIC_SetPriorityGrouping)
    HAL_RCC_ClockConfig                      0x08002d89   Thumb Code   388  stm32f4xx_hal_rcc.o(i.HAL_RCC_ClockConfig)
    HAL_RCC_GetClockConfig                   0x08002f21   Thumb Code    54  stm32f4xx_hal_rcc.o(i.HAL_RCC_GetClockConfig)
    HAL_RCC_GetPCLK1Freq                     0x08002f61   Thumb Code    34  stm32f4xx_hal_rcc.o(i.HAL_RCC_GetPCLK1Freq)
    HAL_RCC_GetPCLK2Freq                     0x08002f91   Thumb Code    34  stm32f4xx_hal_rcc.o(i.HAL_RCC_GetPCLK2Freq)
    HAL_RCC_GetSysClockFreq                  0x08002fc1   Thumb Code   132  stm32f4xx_hal_rcc.o(i.HAL_RCC_GetSysClockFreq)
    HAL_RCC_OscConfig                        0x08003055   Thumb Code   836  stm32f4xx_hal_rcc.o(i.HAL_RCC_OscConfig)
    HAL_TIMEx_PWMN_Start                     0x080033c1   Thumb Code    44  stm32f4xx_hal_tim_ex.o(i.HAL_TIMEx_PWMN_Start)
    HAL_TIM_OC_Init                          0x080033ed   Thumb Code    54  stm32f4xx_hal_tim.o(i.HAL_TIM_OC_Init)
    HAL_TIM_OC_MspInit                       0x08003423   Thumb Code     2  stm32f4xx_hal_tim.o(i.HAL_TIM_OC_MspInit)
    HAL_TIM_OC_Start                         0x08003425   Thumb Code    54  stm32f4xx_hal_tim.o(i.HAL_TIM_OC_Start)
    HAL_TIM_PWM_ConfigChannel                0x0800345d   Thumb Code   526  stm32f4xx_hal_tim.o(i.HAL_TIM_PWM_ConfigChannel)
    HAL_TIM_PWM_Init                         0x08003671   Thumb Code    54  stm32f4xx_hal_tim.o(i.HAL_TIM_PWM_Init)
    HAL_TIM_PWM_MspInit                      0x080036a7   Thumb Code     2  stm32f4xx_hal_tim.o(i.HAL_TIM_PWM_MspInit)
    HAL_TIM_PWM_Start                        0x080036a9   Thumb Code    54  stm32f4xx_hal_tim.o(i.HAL_TIM_PWM_Start)
    HAL_UART_Init                            0x080036df   Thumb Code    98  stm32f4xx_hal_uart.o(i.HAL_UART_Init)
    HAL_UART_MspInit                         0x08003741   Thumb Code     2  stm32f4xx_hal_uart.o(i.HAL_UART_MspInit)
    SetSysClock                              0x08003745   Thumb Code   150  system_stm32f4xx.o(i.SetSysClock)
    SetSysClock_PLL_HSE                      0x080037e5   Thumb Code   132  system_stm32f4xx.o(i.SetSysClock_PLL_HSE)
    Set_GPIO_Clock                           0x08003871   Thumb Code   142  pinmap.o(i.Set_GPIO_Clock)
    SystemCoreClockUpdate                    0x08003941   Thumb Code   112  system_stm32f4xx.o(i.SystemCoreClockUpdate)
    SystemInit                               0x080039c5   Thumb Code    98  system_stm32f4xx.o(i.SystemInit)
    TIM_Base_SetConfig                       0x08003a4d   Thumb Code   132  stm32f4xx_hal_tim.o(i.TIM_Base_SetConfig)
    mbed::FileBase::getPathType()            0x08003e25   Thumb Code     4  FileBase.o(i._ZN4mbed8FileBase11getPathTypeEv)
    mbed::FileBase::lookup(const char*, unsigned) 0x08003e29   Thumb Code    90  FileBase.o(i._ZN4mbed8FileBase6lookupEPKcj)
    mbed::FilePath::fileSystem()             0x08003e95   Thumb Code    24  FilePath.o(i._ZN4mbed8FilePath10fileSystemEv)
    mbed::FilePath::file()                   0x08003ead   Thumb Code    28  FilePath.o(i._ZN4mbed8FilePath4fileEv)
    mbed::FilePath::exists()                 0x08003ec9   Thumb Code    10  FilePath.o(i._ZN4mbed8FilePath6existsEv)
    mbed::FilePath::isFile()                 0x08003ed3   Thumb Code    24  FilePath.o(i._ZN4mbed8FilePath6isFileEv)
    mbed::FilePath::fileName()               0x08003eeb   Thumb Code     4  FilePath.o(i._ZN4mbed8FilePath8fileNameEv)
    mbed::FilePath::FilePath(const char*)    0x08003eef   Thumb Code    64  FilePath.o(i._ZN4mbed8FilePathC1EPKc)
    mbed::FilePath::FilePath__sub_object(const char*) 0x08003eef   Thumb Code     0  FilePath.o(i._ZN4mbed8FilePathC1EPKc)
    __ARM_fpclassify                         0x08003f2f   Thumb Code    48  fpclassify.o(i.__ARM_fpclassify)
    __NVIC_SetVector                         0x08003f61   Thumb Code    48  cmsis_nvic.o(i.__NVIC_SetVector)
    __user_setup_stackheap                   0x08004019   Thumb Code    10  sys.o(i.__user_setup_stackheap)
    _is_digit                                0x08004029   Thumb Code    14  __printf_wp.o(i._is_digit)
    _platform_post_stackheap_init            0x08004037   Thumb Code     8  retarget.o(i._platform_post_stackheap_init)
    _sys_close                               0x08004041   Thumb Code    40  retarget.o(i._sys_close)
    _sys_flen                                0x0800406d   Thumb Code    34  retarget.o(i._sys_flen)
    _sys_istty                               0x08004095   Thumb Code    34  retarget.o(i._sys_istty)
    _sys_open                                0x080040bd   Thumb Code   436  retarget.o(i._sys_open)
    _sys_seek                                0x08004299   Thumb Code    36  retarget.o(i._sys_seek)
    _sys_write                               0x080042c1   Thumb Code    92  retarget.o(i._sys_write)
    core_util_critical_section_enter         0x08004329   Thumb Code    70  mbed_critical.o(i.core_util_critical_section_enter)
    core_util_critical_section_exit          0x080043b5   Thumb Code    60  mbed_critical.o(i.core_util_critical_section_exit)
    error                                    0x0800440d   Thumb Code    18  mbed_error.o(i.error)
    exit                                     0x08004421   Thumb Code    24  retarget.o(i.exit)
    gpio_dir                                 0x08004441   Thumb Code    54  gpio_api.o(i.gpio_dir)
    gpio_init                                0x08004495   Thumb Code    58  gpio_api.o(i.gpio_init)
    gpio_init_in                             0x080044cf   Thumb Code    40  mbed_gpio.o(i.gpio_init_in)
    gpio_init_out                            0x080044f9   Thumb Code    68  mbed_gpio.o(i.gpio_init_out)
    gpio_init_out_ex                         0x08004545   Thumb Code    80  mbed_gpio.o(i.gpio_init_out_ex)
    gpio_mode                                0x080045b1   Thumb Code     8  gpio_api.o(i.gpio_mode)
    $Super$$main                             0x08004639   Thumb Code   480  main.o(i.main)
    mbed_assert_internal                     0x08004849   Thumb Code    32  mbed_assert.o(i.mbed_assert_internal)
    mbed_die                                 0x0800489d   Thumb Code    84  mbed_board.o(i.mbed_die)
    mbed_error_printf                        0x0800490d   Thumb Code    74  mbed_board.o(i.mbed_error_printf)
    mbed_error_vfprintf                      0x08004961   Thumb Code    68  mbed_board.o(i.mbed_error_vfprintf)
    mbed_main                                0x080049ad   Thumb Code     2  retarget.o(i.mbed_main)
    mbed_sdk_init                            0x080049af   Thumb Code    14  mbed_overrides.o(i.mbed_sdk_init)
    pin_function                             0x080049bd   Thumb Code    80  pinmap.o(i.pin_function)
    pin_mode                                 0x08004a29   Thumb Code    64  pinmap.o(i.pin_mode)
    pinmap_function                          0x08004a81   Thumb Code    62  mbed_pinmap_common.o(i.pinmap_function)
    pinmap_merge                             0x08004ae1   Thumb Code    38  mbed_pinmap_common.o(i.pinmap_merge)
    pinmap_peripheral                        0x08004b1d   Thumb Code    62  mbed_pinmap_common.o(i.pinmap_peripheral)
    pinmap_pinout                            0x08004b7d   Thumb Code    72  mbed_pinmap_common.o(i.pinmap_pinout)
    pwmout_init                              0x08004bd9   Thumb Code   328  pwmout_api.o(i.pwmout_init)
    pwmout_period_ms                         0x08004d65   Thumb Code    10  pwmout_api.o(i.pwmout_period_ms)
    pwmout_period_us                         0x08004d71   Thumb Code   322  pwmout_api.o(i.pwmout_period_us)
    pwmout_write                             0x08004f15   Thumb Code   170  pwmout_api.o(i.pwmout_write)
    serial_baud                              0x08004fe1   Thumb Code     6  serial_api.o(i.serial_baud)
    serial_init                              0x08004fe9   Thumb Code   310  serial_api.o(i.serial_init)
    serial_putc                              0x08005161   Thumb Code    30  serial_api.o(i.serial_putc)
    ticker_irq_handler                       0x08005185   Thumb Code    78  mbed_ticker_api.o(i.ticker_irq_handler)
    timer_irq_handler                        0x080051d5   Thumb Code    90  hal_tick.o(i.timer_irq_handler)
    us_ticker_clear_interrupt                0x08005239   Thumb Code    12  us_ticker.o(i.us_ticker_clear_interrupt)
    us_ticker_disable_interrupt              0x08005249   Thumb Code    14  us_ticker.o(i.us_ticker_disable_interrupt)
    us_ticker_init                           0x0800525d   Thumb Code    26  us_ticker.o(i.us_ticker_init)
    us_ticker_irq_handler                    0x08005285   Thumb Code     6  mbed_us_ticker_api.o(i.us_ticker_irq_handler)
    us_ticker_read                           0x08005291   Thumb Code    30  us_ticker.o(i.us_ticker_read)
    us_ticker_set_interrupt                  0x080052c1   Thumb Code    16  us_ticker.o(i.us_ticker_set_interrupt)
    wait                                     0x080052d5   Thumb Code    36  mbed_wait_api_no_rtos.o(i.wait)
    wait_ms                                  0x080052fd   Thumb Code    28  mbed_wait_api_no_rtos.o(i.wait_ms)
    _get_lc_numeric                          0x08005319   Thumb Code    44  lc_numeric_c.o(locale$$code)
    _get_lc_ctype                            0x08005345   Thumb Code    44  lc_ctype_c.o(locale$$code)
    SingletonPtr<PlatformMutex>::operator ->() 0x08005371   Thumb Code    36  FileBase.o(t._ZN12SingletonPtrI13PlatformMutexEptEv)
    _fp_init                                 0x0800539d   Thumb Code    10  fpinit.o(x$fpl$fpinit)
    __fplib_config_fpu_vfp                   0x080053a5   Thumb Code     0  fpinit.o(x$fpl$fpinit)
    __fplib_config_pureend_doubles           0x080053a5   Thumb Code     0  fpinit.o(x$fpl$fpinit)
    _printf_fp_dec                           0x080053a7   Thumb Code     4  printf1.o(x$fpl$printf1)
    _printf_fp_hex                           0x080053ab   Thumb Code     4  printf2.o(x$fpl$printf2)
    __I$use$fp                               0x080053ae   Number         0  usenofp.o(x$fpl$usenofp)
    PinMap_PWM                               0x080053b0   Data         360  PeripheralPins.o(.constdata)
    PinMap_UART_TX                           0x08005518   Data          72  PeripheralPins.o(.constdata)
    PinMap_UART_RX                           0x08005560   Data          72  PeripheralPins.o(.constdata)
    __stdin_name                             0x080055dc   Data           7  retarget.o(.constdata)
    __stdout_name                            0x080055e3   Data           8  retarget.o(.constdata)
    __stderr_name                            0x080055eb   Data           8  retarget.o(.constdata)
    APBAHBPrescTable                         0x080055f3   Data          16  stm32f4xx_hal_rcc.o(.constdata)
    AHBPrescTable                            0x08005603   Data          16  system_stm32f4xx.o(.constdata)
    SingletonPtr<PlatformMutex>::get()::string 0x0800572c   Data          20  retarget.o(.constdata__ZZN12SingletonPtrI13PlatformMutexE3getEvEs)
    SingletonPtr<PlatformMutex>::get()::string (instance 2) 0x08005740   Data          78  retarget.o(.constdata__ZZN12SingletonPtrI13PlatformMutexE3getEvEs_0)
    Region$$Table$$Base                      0x080059f4   Number         0  anon$$obj.o(Region$$Table)
    Region$$Table$$Limit                     0x08005a14   Number         0  anon$$obj.o(Region$$Table)
    __ctype                                  0x08005a3d   Data           0  lc_ctype_c.o(locale$$data)
    SHT$$INIT_ARRAY$$Base                    0x08005b40   Number         0  main.o(.init_array)
    SHT$$INIT_ARRAY$$Limit                   0x08005b44   Number         0  init_aeabi.o(.init_array)
    PreviousVal                              0x20000194   Data           4  hal_tick.o(.data)
    stdio_uart_inited                        0x200001a0   Data           4  serial_api.o(.data)
    uwTick                                   0x200001a8   Data           4  stm32f4xx_hal.o(.data)
    SystemCoreClock                          0x200001ac   Data           4  system_stm32f4xx.o(.data)
    mbed::FileBase::_head                    0x200001c4   Data           4  FileBase.o(.data)
    mbed::FileBase::_mutex                   0x200001c8   Data           8  FileBase.o(.data)
    __aeabi_stdin                            0x200001d0   Data           4  stdio_streams.o(.data)
    __aeabi_stdout                           0x200001d4   Data           4  stdio_streams.o(.data)
    __aeabi_stderr                           0x200001d8   Data           4  stdio_streams.o(.data)
    motorRight1                              0x200001e0   Data          24  main.o(.bss)
    motorRight2                              0x200001f8   Data          24  main.o(.bss)
    motorLeft1                               0x20000210   Data          24  main.o(.bss)
    motorLeft2                               0x20000228   Data          24  main.o(.bss)
    myButton                                 0x20000240   Data          16  main.o(.bss)
    led                                      0x20000250   Data          16  main.o(.bss)
    TimMasterHandle                          0x20000260   Data          60  hal_tick.o(.bss)
    stdio_uart                               0x20000538   Data          76  serial_api.o(.bss)
    __stdin                                  0x200005c0   Data          84  stdio_streams.o(.bss)
    __stdout                                 0x20000614   Data          84  stdio_streams.o(.bss)
    __stderr                                 0x20000668   Data          84  stdio_streams.o(.bss)
    Image$$RW_IRAM1$$ZI$$Limit               0x200006d8   Number         0  anon$$obj.o ABSOLUTE



==============================================================================

Memory Map of the image

  Image Entry point : 0x08000195

  Load Region LR_IROM1 (Base: 0x08000000, Size: 0x00005b90, Max: 0x00080000, ABSOLUTE)

    Execution Region ER_IROM1 (Base: 0x08000000, Size: 0x00005b44, Max: 0x00080000, ABSOLUTE)

    Base Addr    Size         Type   Attr      Idx    E Section Name        Object

    0x08000000   0x00000194   Data   RO         1065    RESET               startup_stm32f401xe.o
    0x08000194   0x00000008   Code   RO         3489  * !!!main             c_w.l(__main.o)
    0x0800019c   0x00000034   Code   RO         4062    !!!scatter          c_w.l(__scatter.o)
    0x080001d0   0x0000001a   Code   RO         4064    !!handler_copy      c_w.l(__scatter_copy.o)
    0x080001ea   0x00000002   PAD
    0x080001ec   0x0000001c   Code   RO         4066    !!handler_zi        c_w.l(__scatter_zi.o)
    0x08000208   0x00000000   Code   RO         3715    .ARM.Collect$$_printf_percent$$00000000  c_w.l(_printf_percent.o)
    0x08000208   0x00000006   Code   RO         3704    .ARM.Collect$$_printf_percent$$00000001  c_w.l(_printf_n.o)
    0x0800020e   0x00000006   Code   RO         3706    .ARM.Collect$$_printf_percent$$00000002  c_w.l(_printf_p.o)
    0x08000214   0x00000006   Code   RO         3711    .ARM.Collect$$_printf_percent$$00000003  c_w.l(_printf_f.o)
    0x0800021a   0x00000006   Code   RO         3712    .ARM.Collect$$_printf_percent$$00000004  c_w.l(_printf_e.o)
    0x08000220   0x00000006   Code   RO         3713    .ARM.Collect$$_printf_percent$$00000005  c_w.l(_printf_g.o)
    0x08000226   0x00000006   Code   RO         3714    .ARM.Collect$$_printf_percent$$00000006  c_w.l(_printf_a.o)
    0x0800022c   0x0000000a   Code   RO         3719    .ARM.Collect$$_printf_percent$$00000007  c_w.l(_printf_ll.o)
    0x08000236   0x00000006   Code   RO         3708    .ARM.Collect$$_printf_percent$$00000008  c_w.l(_printf_i.o)
    0x0800023c   0x00000006   Code   RO         3709    .ARM.Collect$$_printf_percent$$00000009  c_w.l(_printf_d.o)
    0x08000242   0x00000006   Code   RO         3710    .ARM.Collect$$_printf_percent$$0000000A  c_w.l(_printf_u.o)
    0x08000248   0x00000006   Code   RO         3707    .ARM.Collect$$_printf_percent$$0000000B  c_w.l(_printf_o.o)
    0x0800024e   0x00000006   Code   RO         3705    .ARM.Collect$$_printf_percent$$0000000C  c_w.l(_printf_x.o)
    0x08000254   0x00000006   Code   RO         3716    .ARM.Collect$$_printf_percent$$0000000D  c_w.l(_printf_lli.o)
    0x0800025a   0x00000006   Code   RO         3717    .ARM.Collect$$_printf_percent$$0000000E  c_w.l(_printf_lld.o)
    0x08000260   0x00000006   Code   RO         3718    .ARM.Collect$$_printf_percent$$0000000F  c_w.l(_printf_llu.o)
    0x08000266   0x00000006   Code   RO         3723    .ARM.Collect$$_printf_percent$$00000010  c_w.l(_printf_llo.o)
    0x0800026c   0x00000006   Code   RO         3724    .ARM.Collect$$_printf_percent$$00000011  c_w.l(_printf_llx.o)
    0x08000272   0x0000000a   Code   RO         3720    .ARM.Collect$$_printf_percent$$00000012  c_w.l(_printf_l.o)
    0x0800027c   0x00000006   Code   RO         3702    .ARM.Collect$$_printf_percent$$00000013  c_w.l(_printf_c.o)
    0x08000282   0x00000006   Code   RO         3703    .ARM.Collect$$_printf_percent$$00000014  c_w.l(_printf_s.o)
    0x08000288   0x00000006   Code   RO         3721    .ARM.Collect$$_printf_percent$$00000015  c_w.l(_printf_lc.o)
    0x0800028e   0x00000006   Code   RO         3722    .ARM.Collect$$_printf_percent$$00000016  c_w.l(_printf_ls.o)
    0x08000294   0x00000004   Code   RO         3874    .ARM.Collect$$_printf_percent$$00000017  c_w.l(_printf_percent_end.o)
    0x08000298   0x00000002   Code   RO         4021    .ARM.Collect$$libinit$$00000000  c_w.l(libinit.o)
    0x0800029a   0x00000004   Code   RO         3761    .ARM.Collect$$libinit$$00000001  c_w.l(libinit2.o)
    0x0800029e   0x00000000   Code   RO         3764    .ARM.Collect$$libinit$$00000004  c_w.l(libinit2.o)
    0x0800029e   0x00000008   Code   RO         3765    .ARM.Collect$$libinit$$00000005  c_w.l(libinit2.o)
    0x080002a6   0x00000000   Code   RO         3767    .ARM.Collect$$libinit$$0000000A  c_w.l(libinit2.o)
    0x080002a6   0x00000000   Code   RO         3769    .ARM.Collect$$libinit$$0000000C  c_w.l(libinit2.o)
    0x080002a6   0x00000000   Code   RO         3771    .ARM.Collect$$libinit$$0000000E  c_w.l(libinit2.o)
    0x080002a6   0x00000006   Code   RO         3772    .ARM.Collect$$libinit$$0000000F  c_w.l(libinit2.o)
    0x080002ac   0x00000000   Code   RO         3774    .ARM.Collect$$libinit$$00000011  c_w.l(libinit2.o)
    0x080002ac   0x0000000c   Code   RO         3775    .ARM.Collect$$libinit$$00000012  c_w.l(libinit2.o)
    0x080002b8   0x00000000   Code   RO         3776    .ARM.Collect$$libinit$$00000013  c_w.l(libinit2.o)
    0x080002b8   0x00000000   Code   RO         3778    .ARM.Collect$$libinit$$00000015  c_w.l(libinit2.o)
    0x080002b8   0x0000000a   Code   RO         3779    .ARM.Collect$$libinit$$00000016  c_w.l(libinit2.o)
    0x080002c2   0x00000000   Code   RO         3780    .ARM.Collect$$libinit$$00000017  c_w.l(libinit2.o)
    0x080002c2   0x00000000   Code   RO         3782    .ARM.Collect$$libinit$$00000019  c_w.l(libinit2.o)
    0x080002c2   0x00000000   Code   RO         3784    .ARM.Collect$$libinit$$0000001B  c_w.l(libinit2.o)
    0x080002c2   0x00000000   Code   RO         3786    .ARM.Collect$$libinit$$0000001D  c_w.l(libinit2.o)
    0x080002c2   0x00000000   Code   RO         3788    .ARM.Collect$$libinit$$0000001F  c_w.l(libinit2.o)
    0x080002c2   0x00000000   Code   RO         3790    .ARM.Collect$$libinit$$00000021  c_w.l(libinit2.o)
    0x080002c2   0x00000000   Code   RO         3792    .ARM.Collect$$libinit$$00000023  c_w.l(libinit2.o)
    0x080002c2   0x00000004   Code   RO         3793    .ARM.Collect$$libinit$$00000024  c_w.l(libinit2.o)
    0x080002c6   0x00000000   Code   RO         3794    .ARM.Collect$$libinit$$00000025  c_w.l(libinit2.o)
    0x080002c6   0x00000000   Code   RO         3798    .ARM.Collect$$libinit$$0000002C  c_w.l(libinit2.o)
    0x080002c6   0x00000000   Code   RO         3800    .ARM.Collect$$libinit$$0000002E  c_w.l(libinit2.o)
    0x080002c6   0x00000000   Code   RO         3802    .ARM.Collect$$libinit$$00000030  c_w.l(libinit2.o)
    0x080002c6   0x00000004   Code   RO         3803    .ARM.Collect$$libinit$$00000031  c_w.l(libinit2.o)
    0x080002ca   0x00000000   Code   RO         3804    .ARM.Collect$$libinit$$00000032  c_w.l(libinit2.o)
    0x080002ca   0x00000002   Code   RO         3805    .ARM.Collect$$libinit$$00000033  c_w.l(libinit2.o)
    0x080002cc   0x00000000   Code   RO         3923    .ARM.Collect$$libshutdown$$00000004  c_w.l(libshutdown2.o)
    0x080002cc   0x00000000   Code   RO         3608    .ARM.Collect$$rtentry$$00000000  c_w.l(__rtentry.o)
    0x080002cc   0x00000000   Code   RO         3833    .ARM.Collect$$rtentry$$00000002  c_w.l(__rtentry2.o)
    0x080002cc   0x00000006   Code   RO         3845    .ARM.Collect$$rtentry$$00000004  c_w.l(__rtentry4.o)
    0x080002d2   0x00000008   Code   RO         3834    .ARM.Collect$$rtentry$$00000008  c_w.l(__rtentry2.o)
    0x080002da   0x00000004   Code   RO         3836    .ARM.Collect$$rtentry$$0000000A  c_w.l(__rtentry2.o)
    0x080002de   0x00000000   Code   RO         3838    .ARM.Collect$$rtentry$$0000000C  c_w.l(__rtentry2.o)
    0x080002de   0x00000008   Code   RO         3839    .ARM.Collect$$rtentry$$0000000D  c_w.l(__rtentry2.o)
    0x080002e6   0x00000002   PAD
    0x080002e8   0x00000000   Code   RO         3851    .emb_text           c_w.l(maybetermalloc1.o)
    0x080002e8   0x00000024   Code   RO         1066    .text               startup_stm32f401xe.o
    0x0800030c   0x0000005e   Code   RO         3386    .text               c_w.l(h1_alloc.o)
    0x0800036a   0x0000004e   Code   RO         3388    .text               c_w.l(h1_free.o)
    0x080003b8   0x00000024   Code   RO         3444    .text               c_w.l(vsprintf.o)
    0x080003dc   0x0000003c   Code   RO         3446    .text               c_w.l(__0sscanf.o)
    0x08000418   0x0000014c   Code   RO         3448    .text               c_w.l(_scanf_int.o)
    0x08000564   0x00000064   Code   RO         3450    .text               c_w.l(fflush.o)
    0x080005c8   0x0000003e   Code   RO         3470    .text               c_w.l(strlen.o)
    0x08000606   0x00000096   Code   RO         3472    .text               c_w.l(strncmp.o)
    0x0800069c   0x00000064   Code   RO         3474    .text               c_w.l(rt_memcpy_w.o)
    0x08000700   0x0000004e   Code   RO         3478    .text               c_w.l(rt_memclr_w.o)
    0x0800074e   0x00000002   PAD
    0x08000750   0x00000080   Code   RO         3482    .text               c_w.l(strcmpv7m.o)
    0x080007d0   0x00000024   Code   RO         3494    .text               c_w.l(init_aeabi.o)
    0x080007f4   0x00000008   Code   RO         3609    .text               c_w.l(rt_heap_descriptor.o)
    0x080007fc   0x00000004   Code   RO         3614    .text               c_w.l(hguard.o)
    0x08000800   0x0000008a   Code   RO         3616    .text               c_w.l(init_alloc.o)
    0x0800088a   0x0000000e   Code   RO         3620    .text               c_w.l(h1_init.o)
    0x08000898   0x0000004e   Code   RO         3636    .text               c_w.l(_printf_pad.o)
    0x080008e6   0x00000024   Code   RO         3638    .text               c_w.l(_printf_truncate.o)
    0x0800090a   0x00000052   Code   RO         3640    .text               c_w.l(_printf_str.o)
    0x0800095c   0x00000078   Code   RO         3642    .text               c_w.l(_printf_dec.o)
    0x080009d4   0x00000028   Code   RO         3644    .text               c_w.l(_printf_charcount.o)
    0x080009fc   0x00000030   Code   RO         3646    .text               c_w.l(_printf_char_common.o)
    0x08000a2c   0x0000000a   Code   RO         3648    .text               c_w.l(_sputc.o)
    0x08000a36   0x00000002   PAD
    0x08000a38   0x000000bc   Code   RO         3650    .text               c_w.l(_printf_wctomb.o)
    0x08000af4   0x0000007c   Code   RO         3653    .text               c_w.l(_printf_longlong_dec.o)
    0x08000b70   0x00000070   Code   RO         3659    .text               c_w.l(_printf_oct_int_ll.o)
    0x08000be0   0x00000094   Code   RO         3679    .text               c_w.l(_printf_hex_int_ll_ptr.o)
    0x08000c74   0x00000188   Code   RO         3699    .text               c_w.l(__printf_flags_ss_wp.o)
    0x08000dfc   0x0000001c   Code   RO         3725    .text               c_w.l(_chval.o)
    0x08000e18   0x0000002c   Code   RO         3727    .text               c_w.l(scanf_char.o)
    0x08000e44   0x00000040   Code   RO         3729    .text               c_w.l(_sgetc.o)
    0x08000e84   0x000000f8   Code   RO         3735    .text               c_w.l(fseek.o)
    0x08000f7c   0x00000046   Code   RO         3737    .text               c_w.l(setvbuf.o)
    0x08000fc2   0x00000002   PAD
    0x08000fc4   0x000000f0   Code   RO         3739    .text               c_w.l(stdio.o)
    0x080010b4   0x00000138   Code   RO         3742    .text               c_w.l(initio.o)
    0x080011ec   0x00000034   Code   RO         3853    .text               c_w.l(h1_extend.o)
    0x08001220   0x0000008a   Code   RO         3857    .text               c_w.l(lludiv10.o)
    0x080012aa   0x00000012   Code   RO         3859    .text               c_w.l(isspace.o)
    0x080012bc   0x000000b2   Code   RO         3861    .text               c_w.l(_printf_intcommon.o)
    0x0800136e   0x0000041a   Code   RO         3863    .text               c_w.l(_printf_fp_dec.o)
    0x08001788   0x000002fc   Code   RO         3865    .text               c_w.l(_printf_fp_hex.o)
    0x08001a84   0x0000002c   Code   RO         3870    .text               c_w.l(_printf_char.o)
    0x08001ab0   0x0000002c   Code   RO         3872    .text               c_w.l(_printf_wchar.o)
    0x08001adc   0x00000374   Code   RO         3875    .text               c_w.l(_scanf.o)
    0x08001e50   0x00000042   Code   RO         3877    .text               c_w.l(ftell.o)
    0x08001e92   0x00000002   PAD
    0x08001e94   0x000000ec   Code   RO         3883    .text               c_w.l(fopen.o)
    0x08001f80   0x0000004c   Code   RO         3885    .text               c_w.l(fclose.o)
    0x08001fcc   0x00000040   Code   RO         3899    .text               c_w.l(_wcrtomb.o)
    0x0800200c   0x0000000a   Code   RO         3901    .text               c_w.l(defsig_exit.o)
    0x08002016   0x0000000e   Code   RO         3903    .text               c_w.l(defsig_rtred_outer.o)
    0x08002024   0x0000000e   Code   RO         3907    .text               c_w.l(defsig_rtmem_outer.o)
    0x08002032   0x00000002   PAD
    0x08002034   0x00000050   Code   RO         3913    .text               c_w.l(heapauxa.o)
    0x08002084   0x0000000c   Code   RO         3951    .text               c_w.l(sys_exit.o)
    0x08002090   0x00000010   Code   RO         3953    .text               c_w.l(rt_ctype_table.o)
    0x080020a0   0x00000008   Code   RO         3955    .text               c_w.l(rt_locale.o)
    0x080020a8   0x00000008   Code   RO         3965    .text               c_w.l(rt_errno_addr.o)
    0x080020b0   0x00000080   Code   RO         3972    .text               c_w.l(_printf_fp_infnan.o)
    0x08002130   0x000000dc   Code   RO         3974    .text               c_w.l(bigflt0.o)
    0x0800220c   0x00000032   Code   RO         4006    .text               c_w.l(defsig_general.o)
    0x0800223e   0x00000002   PAD
    0x08002240   0x00000034   Code   RO         4008    .text               c_w.l(defsig_rtred_inner.o)
    0x08002274   0x00000050   Code   RO         4010    .text               c_w.l(defsig_rtmem_inner.o)
    0x080022c4   0x0000000e   Code   RO         4030    .text               c_w.l(sys_wrch.o)
    0x080022d2   0x00000002   Code   RO         4032    .text               c_w.l(use_no_semi.o)
    0x080022d4   0x00000000   Code   RO         4034    .text               c_w.l(indicate_semi.o)
    0x080022d4   0x0000003e   Code   RO         3977    CL$$btod_d2e        c_w.l(btod.o)
    0x08002312   0x00000046   Code   RO         3979    CL$$btod_d2e_denorm_low  c_w.l(btod.o)
    0x08002358   0x00000060   Code   RO         3978    CL$$btod_d2e_norm_op1  c_w.l(btod.o)
    0x080023b8   0x00000338   Code   RO         3987    CL$$btod_div_common  c_w.l(btod.o)
    0x080026f0   0x000000c6   Code   RO         3984    CL$$btod_e2e        c_w.l(btod.o)
    0x080027b6   0x00000028   Code   RO         3981    CL$$btod_ediv       c_w.l(btod.o)
    0x080027de   0x00000028   Code   RO         3980    CL$$btod_emul       c_w.l(btod.o)
    0x08002806   0x00000244   Code   RO         3986    CL$$btod_mult_common  c_w.l(btod.o)
    0x08002a4a   0x0000000e   Code   RO          811    i.$Sub$$main        retarget.o
    0x08002a58   0x00000204   Code   RO         1465    i.HAL_GPIO_Init     stm32f4xx_hal_gpio.o
    0x08002c5c   0x0000000c   Code   RO         1084    i.HAL_GetTick       stm32f4xx_hal.o
    0x08002c68   0x00000010   Code   RO         1085    i.HAL_IncTick       stm32f4xx_hal.o
    0x08002c78   0x00000034   Code   RO         1086    i.HAL_Init          stm32f4xx_hal.o
    0x08002cac   0x000000b4   Code   RO          631    i.HAL_InitTick      hal_tick.o
    0x08002d60   0x00000002   Code   RO         1851    i.HAL_MspInit       stm32f4xx_hal_msp_template.o
    0x08002d62   0x00000002   PAD
    0x08002d64   0x00000024   Code   RO         1234    i.HAL_NVIC_SetPriorityGrouping  stm32f4xx_hal_cortex.o
    0x08002d88   0x00000198   Code   RO         2035    i.HAL_RCC_ClockConfig  stm32f4xx_hal_rcc.o
    0x08002f20   0x00000040   Code   RO         2039    i.HAL_RCC_GetClockConfig  stm32f4xx_hal_rcc.o
    0x08002f60   0x00000030   Code   RO         2042    i.HAL_RCC_GetPCLK1Freq  stm32f4xx_hal_rcc.o
    0x08002f90   0x00000030   Code   RO         2043    i.HAL_RCC_GetPCLK2Freq  stm32f4xx_hal_rcc.o
    0x08002fc0   0x00000094   Code   RO         2044    i.HAL_RCC_GetSysClockFreq  stm32f4xx_hal_rcc.o
    0x08003054   0x0000036c   Code   RO         2047    i.HAL_RCC_OscConfig  stm32f4xx_hal_rcc.o
    0x080033c0   0x0000002c   Code   RO         2681    i.HAL_TIMEx_PWMN_Start  stm32f4xx_hal_tim_ex.o
    0x080033ec   0x00000036   Code   RO         2504    i.HAL_TIM_OC_Init   stm32f4xx_hal_tim.o
    0x08003422   0x00000002   Code   RO         2506    i.HAL_TIM_OC_MspInit  stm32f4xx_hal_tim.o
    0x08003424   0x00000036   Code   RO         2507    i.HAL_TIM_OC_Start  stm32f4xx_hal_tim.o
    0x0800345a   0x00000002   PAD
    0x0800345c   0x00000214   Code   RO         2523    i.HAL_TIM_PWM_ConfigChannel  stm32f4xx_hal_tim.o
    0x08003670   0x00000036   Code   RO         2526    i.HAL_TIM_PWM_Init  stm32f4xx_hal_tim.o
    0x080036a6   0x00000002   Code   RO         2528    i.HAL_TIM_PWM_MspInit  stm32f4xx_hal_tim.o
    0x080036a8   0x00000036   Code   RO         2530    i.HAL_TIM_PWM_Start  stm32f4xx_hal_tim.o
    0x080036de   0x00000062   Code   RO         2747    i.HAL_UART_Init     stm32f4xx_hal_uart.o
    0x08003740   0x00000002   Code   RO         2749    i.HAL_UART_MspInit  stm32f4xx_hal_uart.o
    0x08003742   0x00000002   PAD
    0x08003744   0x000000a0   Code   RO         3081    i.SetSysClock       system_stm32f4xx.o
    0x080037e4   0x0000008c   Code   RO         3082    i.SetSysClock_PLL_HSE  system_stm32f4xx.o
    0x08003870   0x000000d0   Code   RO          749    i.Set_GPIO_Clock    pinmap.o
    0x08003940   0x00000084   Code   RO         3084    i.SystemCoreClockUpdate  system_stm32f4xx.o
    0x080039c4   0x00000088   Code   RO         3085    i.SystemInit        system_stm32f4xx.o
    0x08003a4c   0x00000094   Code   RO         2541    i.TIM_Base_SetConfig  stm32f4xx_hal_tim.o
    0x08003ae0   0x00000344   Code   RO         2766    i.UART_SetConfig    stm32f4xx_hal_uart.o
    0x08003e24   0x00000004   Code   RO         3330    i._ZN4mbed8FileBase11getPathTypeEv  mbed.ar(FileBase.o)
    0x08003e28   0x0000006c   Code   RO         3332    i._ZN4mbed8FileBase6lookupEPKcj  mbed.ar(FileBase.o)
    0x08003e94   0x00000018   Code   RO         3117    i._ZN4mbed8FilePath10fileSystemEv  mbed.ar(FilePath.o)
    0x08003eac   0x0000001c   Code   RO         3119    i._ZN4mbed8FilePath4fileEv  mbed.ar(FilePath.o)
    0x08003ec8   0x0000000a   Code   RO         3120    i._ZN4mbed8FilePath6existsEv  mbed.ar(FilePath.o)
    0x08003ed2   0x00000018   Code   RO         3121    i._ZN4mbed8FilePath6isFileEv  mbed.ar(FilePath.o)
    0x08003eea   0x00000004   Code   RO         3122    i._ZN4mbed8FilePath8fileNameEv  mbed.ar(FilePath.o)
    0x08003eee   0x00000040   Code   RO         3123    i._ZN4mbed8FilePathC1EPKc  mbed.ar(FilePath.o)
    0x08003f2e   0x00000030   Code   RO         4028    i.__ARM_fpclassify  m_wm.l(fpclassify.o)
    0x08003f5e   0x00000002   PAD
    0x08003f60   0x00000034   Code   RO          573    i.__NVIC_SetVector  cmsis_nvic.o
    0x08003f94   0x00000084   Code   RO            5    i.__sti___8_main_cpp_208481c8  main.o
    0x08004018   0x00000010   Code   RO         3075    i.__user_setup_stackheap  sys.o
    0x08004028   0x0000000e   Code   RO         3692    i._is_digit         c_w.l(__printf_wp.o)
    0x08004036   0x00000008   Code   RO          824    i._platform_post_stackheap_init  retarget.o
    0x0800403e   0x00000002   PAD
    0x08004040   0x0000002c   Code   RO          825    i._sys_close        retarget.o
    0x0800406c   0x00000028   Code   RO          828    i._sys_flen         retarget.o
    0x08004094   0x00000028   Code   RO          829    i._sys_istty        retarget.o
    0x080040bc   0x000001dc   Code   RO          830    i._sys_open         retarget.o
    0x08004298   0x00000028   Code   RO          832    i._sys_seek         retarget.o
    0x080042c0   0x00000068   Code   RO          833    i._sys_write        retarget.o
    0x08004328   0x0000008c   Code   RO         3285    i.core_util_critical_section_enter  mbed.ar(mbed_critical.o)
    0x080043b4   0x00000058   Code   RO         3286    i.core_util_critical_section_exit  mbed.ar(mbed_critical.o)
    0x0800440c   0x00000012   Code   RO         3310    i.error             mbed.ar(mbed_error.o)
    0x0800441e   0x00000002   PAD
    0x08004420   0x00000020   Code   RO          835    i.exit              retarget.o
    0x08004440   0x00000054   Code   RO          582    i.gpio_dir          gpio_api.o
    0x08004494   0x0000003a   Code   RO          583    i.gpio_init         gpio_api.o
    0x080044ce   0x00000028   Code   RO         3216    i.gpio_init_in      mbed.ar(mbed_gpio.o)
    0x080044f6   0x00000002   PAD
    0x080044f8   0x0000004c   Code   RO         3219    i.gpio_init_out     mbed.ar(mbed_gpio.o)
    0x08004544   0x0000006c   Code   RO         3220    i.gpio_init_out_ex  mbed.ar(mbed_gpio.o)
    0x080045b0   0x00000008   Code   RO          584    i.gpio_mode         gpio_api.o
    0x080045b8   0x00000080   Code   RO          985    i.init_uart         serial_api.o
    0x08004638   0x00000210   Code   RO            6    i.main              main.o
    0x08004848   0x00000054   Code   RO         3264    i.mbed_assert_internal  mbed.ar(mbed_assert.o)
    0x0800489c   0x00000070   Code   RO          708    i.mbed_die          mbed_board.o
    0x0800490c   0x00000054   Code   RO          709    i.mbed_error_printf  mbed_board.o
    0x08004960   0x0000004c   Code   RO          710    i.mbed_error_vfprintf  mbed_board.o
    0x080049ac   0x00000002   Code   RO          836    i.mbed_main         retarget.o
    0x080049ae   0x0000000e   Code   RO          722    i.mbed_sdk_init     mbed_overrides.o
    0x080049bc   0x0000006c   Code   RO          750    i.pin_function      pinmap.o
    0x08004a28   0x00000058   Code   RO          752    i.pin_mode          pinmap.o
    0x08004a80   0x00000060   Code   RO         3235    i.pinmap_function   mbed.ar(mbed_pinmap_common.o)
    0x08004ae0   0x0000003c   Code   RO         3236    i.pinmap_merge      mbed.ar(mbed_pinmap_common.o)
    0x08004b1c   0x00000060   Code   RO         3237    i.pinmap_peripheral  mbed.ar(mbed_pinmap_common.o)
    0x08004b7c   0x0000005c   Code   RO         3238    i.pinmap_pinout     mbed.ar(mbed_pinmap_common.o)
    0x08004bd8   0x0000018c   Code   RO          784    i.pwmout_init       pwmout_api.o
    0x08004d64   0x0000000a   Code   RO          786    i.pwmout_period_ms  pwmout_api.o
    0x08004d6e   0x00000002   PAD
    0x08004d70   0x000001a4   Code   RO          787    i.pwmout_period_us  pwmout_api.o
    0x08004f14   0x000000cc   Code   RO          792    i.pwmout_write      pwmout_api.o
    0x08004fe0   0x00000006   Code   RO          986    i.serial_baud       serial_api.o
    0x08004fe6   0x00000002   PAD
    0x08004fe8   0x00000178   Code   RO          993    i.serial_init       serial_api.o
    0x08005160   0x00000024   Code   RO          998    i.serial_putc       serial_api.o
    0x08005184   0x0000004e   Code   RO         3367    i.ticker_irq_handler  mbed.ar(mbed_ticker_api.o)
    0x080051d2   0x00000002   PAD
    0x080051d4   0x00000064   Code   RO          634    i.timer_irq_handler  hal_tick.o
    0x08005238   0x00000010   Code   RO         3099    i.us_ticker_clear_interrupt  us_ticker.o
    0x08005248   0x00000014   Code   RO         3100    i.us_ticker_disable_interrupt  us_ticker.o
    0x0800525c   0x00000028   Code   RO         3101    i.us_ticker_init    us_ticker.o
    0x08005284   0x0000000c   Code   RO         3252    i.us_ticker_irq_handler  mbed.ar(mbed_us_ticker_api.o)
    0x08005290   0x00000030   Code   RO         3102    i.us_ticker_read    us_ticker.o
    0x080052c0   0x00000014   Code   RO         3103    i.us_ticker_set_interrupt  us_ticker.o
    0x080052d4   0x00000028   Code   RO         3318    i.wait              mbed.ar(mbed_wait_api_no_rtos.o)
    0x080052fc   0x0000001c   Code   RO         3319    i.wait_ms           mbed.ar(mbed_wait_api_no_rtos.o)
    0x08005318   0x0000002c   Code   RO         4000    locale$$code        c_w.l(lc_numeric_c.o)
    0x08005344   0x0000002c   Code   RO         4040    locale$$code        c_w.l(lc_ctype_c.o)
    0x08005370   0x0000002c   Code   RO         3357    t._ZN12SingletonPtrI13PlatformMutexEptEv  mbed.ar(FileBase.o)
    0x0800539c   0x0000000a   Code   RO         3949    x$fpl$fpinit        fz_wm.l(fpinit.o)
    0x080053a6   0x00000004   Code   RO         3821    x$fpl$printf1       fz_wm.l(printf1.o)
    0x080053aa   0x00000004   Code   RO         3823    x$fpl$printf2       fz_wm.l(printf2.o)
    0x080053ae   0x00000000   Code   RO         4027    x$fpl$usenofp       fz_wm.l(usenofp.o)
    0x080053ae   0x00000002   PAD
    0x080053b0   0x00000168   Data   RO          734    .constdata          PeripheralPins.o
    0x08005518   0x00000048   Data   RO          735    .constdata          PeripheralPins.o
    0x08005560   0x00000048   Data   RO          736    .constdata          PeripheralPins.o
    0x080055a8   0x00000034   Data   RO          753    .constdata          pinmap.o
    0x080055dc   0x00000017   Data   RO          886    .constdata          retarget.o
    0x080055f3   0x00000010   Data   RO         2048    .constdata          stm32f4xx_hal_rcc.o
    0x08005603   0x00000010   Data   RO         3086    .constdata          system_stm32f4xx.o
    0x08005613   0x00000001   PAD
    0x08005614   0x00000014   Data   RO         3253    .constdata          mbed.ar(mbed_us_ticker_api.o)
    0x08005628   0x00000008   Data   RO         3254    .constdata          mbed.ar(mbed_us_ticker_api.o)
    0x08005630   0x00000008   Data   RO         3651    .constdata          c_w.l(_printf_wctomb.o)
    0x08005638   0x00000028   Data   RO         3680    .constdata          c_w.l(_printf_hex_int_ll_ptr.o)
    0x08005660   0x00000011   Data   RO         3700    .constdata          c_w.l(__printf_flags_ss_wp.o)
    0x08005671   0x00000026   Data   RO         3866    .constdata          c_w.l(_printf_fp_hex.o)
    0x08005697   0x00000001   PAD
    0x08005698   0x00000094   Data   RO         3975    .constdata          c_w.l(bigflt0.o)
    0x0800572c   0x00000014   Data   RO          949    .constdata__ZZN12SingletonPtrI13PlatformMutexE3getEvEs  retarget.o
    0x08005740   0x0000004e   Data   RO          950    .constdata__ZZN12SingletonPtrI13PlatformMutexE3getEvEs_0  retarget.o
    0x0800578e   0x00000002   PAD
    0x08005790   0x00000042   Data   RO           11    .conststring        main.o
    0x080057d2   0x00000002   PAD
    0x080057d4   0x00000057   Data   RO          586    .conststring        gpio_api.o
    0x0800582b   0x00000001   PAD
    0x0800582c   0x00000073   Data   RO          711    .conststring        mbed_board.o
    0x0800589f   0x00000001   PAD
    0x080058a0   0x00000055   Data   RO          754    .conststring        pinmap.o
    0x080058f5   0x00000003   PAD
    0x080058f8   0x00000059   Data   RO          794    .conststring        pwmout_api.o
    0x08005951   0x00000003   PAD
    0x08005954   0x00000059   Data   RO         1013    .conststring        serial_api.o
    0x080059ad   0x00000003   PAD
    0x080059b0   0x00000043   Data   RO         3287    .conststring        mbed.ar(mbed_critical.o)
    0x080059f3   0x00000001   PAD
    0x080059f4   0x00000020   Data   RO         4060    Region$$Table       anon$$obj.o
    0x08005a14   0x0000001c   Data   RO         3999    locale$$data        c_w.l(lc_numeric_c.o)
    0x08005a30   0x00000110   Data   RO         4039    locale$$data        c_w.l(lc_ctype_c.o)
    0x08005b40   0x00000004   Data   RO           12    .init_array         main.o
    0x08005b44   0x00000000   Data   RO         3492    .init_array         c_w.l(init_aeabi.o)


    Execution Region RW_IRAM1 (Base: 0x20000194, Size: 0x00000544, Max: 0x00017e6c, ABSOLUTE)

    Base Addr    Size         Type   Attr      Idx    E Section Name        Object

    0x20000194   0x00000004   Data   RW          636    .data               hal_tick.o
    0x20000198   0x00000008   Data   RW          889    .data               retarget.o
    0x200001a0   0x00000008   Data   RW         1014    .data               serial_api.o
    0x200001a8   0x00000004   Data   RW         1092    .data               stm32f4xx_hal.o
    0x200001ac   0x00000004   Data   RW         3087    .data               system_stm32f4xx.o
    0x200001b0   0x00000004   Data   RW         3105    .data               us_ticker.o
    0x200001b4   0x00000008   Data   RW         3255    .data               mbed.ar(mbed_us_ticker_api.o)
    0x200001bc   0x00000008   Data   RW         3288    .data               mbed.ar(mbed_critical.o)
    0x200001c4   0x0000000c   Data   RW         3344    .data               mbed.ar(FileBase.o)
    0x200001d0   0x00000004   Data   RW         3463    .data               c_w.l(stdio_streams.o)
    0x200001d4   0x00000004   Data   RW         3464    .data               c_w.l(stdio_streams.o)
    0x200001d8   0x00000004   Data   RW         3465    .data               c_w.l(stdio_streams.o)
    0x200001dc   0x00000004   Data   RW         3914    .data               c_w.l(heapauxa.o)
    0x200001e0   0x00000080   Zero   RW           10    .bss                main.o
    0x20000260   0x0000003c   Zero   RW          635    .bss                hal_tick.o
    0x2000029c   0x0000003c   Zero   RW          793    .bss                pwmout_api.o
    0x200002d8   0x00000040   Zero   RW          885    .bss                retarget.o
    0x20000318   0x0000026c   Zero   RW         1012    .bss                serial_api.o
    0x20000584   0x0000003c   Zero   RW         3104    .bss                us_ticker.o
    0x200005c0   0x00000054   Zero   RW         3460    .bss                c_w.l(stdio_streams.o)
    0x20000614   0x00000054   Zero   RW         3461    .bss                c_w.l(stdio_streams.o)
    0x20000668   0x00000054   Zero   RW         3462    .bss                c_w.l(stdio_streams.o)
    0x200006bc   0x00000004   Zero   RW         3610    .bss                c_w.l(rt_heap_descriptor.o)
    0x200006c0   0x00000014   Zero   RW         3956    .bss                c_w.l(rt_locale.o)
    0x200006d4   0x00000004   Zero   RW         3966    .bss                c_w.l(rt_errno_addr.o)


==============================================================================

Image component sizes


      Code (inc. data)   RO Data    RW Data    ZI Data      Debug   Object Name

         0          0        504          0          0          0   PeripheralPins.o
        52          4          0          0          0        132   cmsis_nvic.o
       150         30         87          0          0        388   gpio_api.o
       280         48          0          4         60        256   hal_tick.o
       660         54         70          0        128     157141   main.o
       272         46        115          0          0        404   mbed_board.o
        14          0          0          0          0        128   mbed_overrides.o
       404        126        137          0          0        392   pinmap.o
      1030        200         89          0         60        580   pwmout_api.o
       800         80        121          8         64       1264   retarget.o
       546        100         89          8        620        504   serial_api.o
        36          8        404          0          0        276   startup_stm32f401xe.o
        80         16          0          4          0        356   stm32f4xx_hal.o
        36          6          0          0          0        116   stm32f4xx_hal_cortex.o
       516         22          0          0          0        140   stm32f4xx_hal_gpio.o
         2          0          0          0          0        116   stm32f4xx_hal_msp_template.o
      1592        114         16          0          0        756   stm32f4xx_hal_rcc.o
       900         22          0          0          0        980   stm32f4xx_hal_tim.o
        44          0          0          0          0        116   stm32f4xx_hal_tim_ex.o
       936         14          0          0          0        376   stm32f4xx_hal_uart.o
        16          6          0          0          0        116   sys.o
       568         76         16          4          0        544   system_stm32f4xx.o
       144         46          0          4         60        588   us_ticker.o

    ----------------------------------------------------------------------
      9090       1018       1696         32        992     165669   Object Totals
         0          0         32          0          0          0   (incl. Generated)
        12          0         16          0          0          0   (incl. Padding)

    ----------------------------------------------------------------------

      Code (inc. data)   RO Data    RW Data    ZI Data      Debug   Library Member Name

        60          8          0          0          0         84   __0sscanf.o
         8          0          0          0          0         68   __main.o
       392          4         17          0          0         92   __printf_flags_ss_wp.o
        14          0          0          0          0         68   __printf_wp.o
         0          0          0          0          0          0   __rtentry.o
        20          0          0          0          0          0   __rtentry2.o
         6          0          0          0          0          0   __rtentry4.o
        52          8          0          0          0          0   __scatter.o
        26          0          0          0          0          0   __scatter_copy.o
        28          0          0          0          0          0   __scatter_zi.o
        28          0          0          0          0         68   _chval.o
         6          0          0          0          0          0   _printf_a.o
         6          0          0          0          0          0   _printf_c.o
        44          0          0          0          0        108   _printf_char.o
        48          6          0          0          0         96   _printf_char_common.o
        40          0          0          0          0         68   _printf_charcount.o
         6          0          0          0          0          0   _printf_d.o
       120         16          0          0          0         92   _printf_dec.o
         6          0          0          0          0          0   _printf_e.o
         6          0          0          0          0          0   _printf_f.o
      1050          0          0          0          0        216   _printf_fp_dec.o
       764          8         38          0          0        100   _printf_fp_hex.o
       128         16          0          0          0         84   _printf_fp_infnan.o
         6          0          0          0          0          0   _printf_g.o
       148          4         40          0          0        160   _printf_hex_int_ll_ptr.o
         6          0          0          0          0          0   _printf_i.o
       178          0          0          0          0         88   _printf_intcommon.o
        10          0          0          0          0          0   _printf_l.o
         6          0          0          0          0          0   _printf_lc.o
        10          0          0          0          0          0   _printf_ll.o
         6          0          0          0          0          0   _printf_lld.o
         6          0          0          0          0          0   _printf_lli.o
         6          0          0          0          0          0   _printf_llo.o
         6          0          0          0          0          0   _printf_llu.o
         6          0          0          0          0          0   _printf_llx.o
       124         16          0          0          0         92   _printf_longlong_dec.o
         6          0          0          0          0          0   _printf_ls.o
         6          0          0          0          0          0   _printf_n.o
         6          0          0          0          0          0   _printf_o.o
       112          8          0          0          0        124   _printf_oct_int_ll.o
         6          0          0          0          0          0   _printf_p.o
        78          0          0          0          0        108   _printf_pad.o
         0          0          0          0          0          0   _printf_percent.o
         4          0          0          0          0          0   _printf_percent_end.o
         6          0          0          0          0          0   _printf_s.o
        82          0          0          0          0         80   _printf_str.o
        36          0          0          0          0         84   _printf_truncate.o
         6          0          0          0          0          0   _printf_u.o
        44          0          0          0          0        108   _printf_wchar.o
       188          6          8          0          0         92   _printf_wctomb.o
         6          0          0          0          0          0   _printf_x.o
       884          6          0          0          0        100   _scanf.o
       332          0          0          0          0         96   _scanf_int.o
        64          0          0          0          0         84   _sgetc.o
        10          0          0          0          0         68   _sputc.o
        64          0          0          0          0         92   _wcrtomb.o
       220          4        148          0          0         96   bigflt0.o
      1910        128          0          0          0        672   btod.o
        10          0          0          0          0         68   defsig_exit.o
        50          0          0          0          0         88   defsig_general.o
        80         58          0          0          0         76   defsig_rtmem_inner.o
        14          0          0          0          0         80   defsig_rtmem_outer.o
        52         38          0          0          0         76   defsig_rtred_inner.o
        14          0          0          0          0         80   defsig_rtred_outer.o
        76          0          0          0          0         88   fclose.o
       100          4          0          0          0        120   fflush.o
       236          4          0          0          0        128   fopen.o
       248          6          0          0          0         84   fseek.o
        66          0          0          0          0         76   ftell.o
        94          0          0          0          0         80   h1_alloc.o
        52          0          0          0          0         68   h1_extend.o
        78          0          0          0          0         80   h1_free.o
        14          0          0          0          0         84   h1_init.o
        80          6          0          4          0         96   heapauxa.o
         4          0          0          0          0        136   hguard.o
         0          0          0          0          0          0   indicate_semi.o
        36         10          0          0          0         80   init_aeabi.o
       138          0          0          0          0        168   init_alloc.o
       312         46          0          0          0        112   initio.o
        18          0          0          0          0         76   isspace.o
        44         10        272          0          0         76   lc_ctype_c.o
        44         10         28          0          0         76   lc_numeric_c.o
         2          0          0          0          0          0   libinit.o
        50          0          0          0          0          0   libinit2.o
         0          0          0          0          0          0   libshutdown2.o
       138          0          0          0          0         80   lludiv10.o
         0          0          0          0          0          0   maybetermalloc1.o
        16          4          0          0          0         76   rt_ctype_table.o
         8          4          0          0          4         68   rt_errno_addr.o
         8          4          0          0          4         68   rt_heap_descriptor.o
         8          4          0          0         20         68   rt_locale.o
        78          0          0          0          0         80   rt_memclr_w.o
       100          0          0          0          0         80   rt_memcpy_w.o
        44          8          0          0          0         84   scanf_char.o
        70          0          0          0          0         80   setvbuf.o
       240          6          0          0          0        156   stdio.o
         0          0          0         12        252          0   stdio_streams.o
       128          0          0          0          0         68   strcmpv7m.o
        62          0          0          0          0         76   strlen.o
       150          0          0          0          0         80   strncmp.o
        12          4          0          0          0         68   sys_exit.o
        14          0          0          0          0         76   sys_wrch.o
         2          0          0          0          0         68   use_no_semi.o
        36          4          0          0          0         76   vsprintf.o
        10          0          0          0          0        116   fpinit.o
         4          0          0          0          0        116   printf1.o
         4          0          0          0          0        116   printf2.o
         0          0          0          0          0          0   usenofp.o
        48          0          0          0          0        124   fpclassify.o
       156         26          0         12          0        368   FileBase.o
       154          0          0          0          0        728   FilePath.o
        84         52          0          0          0        136   mbed_assert.o
       228         98         67          8          0        252   mbed_critical.o
        18          0          0          0          0        128   mbed_error.o
       224         36          0          0          0        412   mbed_gpio.o
       344        110          0          0          0        508   mbed_pinmap_common.o
        78          0          0          0          0        136   mbed_ticker_api.o
        12          6         28          8          0        116   mbed_us_ticker_api.o
        68          4          0          0          0        256   mbed_wait_api_no_rtos.o

    ----------------------------------------------------------------------
     11930        800        648         44        280      10248   Library Totals
        26          0          2          0          0          0   (incl. Padding)

    ----------------------------------------------------------------------

      Code (inc. data)   RO Data    RW Data    ZI Data      Debug   Library Name

     10472        468        551         16        280       6736   c_w.l
        18          0          0          0          0        348   fz_wm.l
        48          0          0          0          0        124   m_wm.l
      1366        332         95         28          0       3040   mbed.ar

    ----------------------------------------------------------------------
     11930        800        648         44        280      10248   Library Totals

    ----------------------------------------------------------------------

==============================================================================


      Code (inc. data)   RO Data    RW Data    ZI Data      Debug   

     21020       1818       2344         76       1272     163473   Grand Totals
     21020       1818       2344         76       1272     163473   ELF Image Totals
     21020       1818       2344         76          0          0   ROM Totals

==============================================================================

    Total RO  Size (Code + RO Data)                23364 (  22.82kB)
    Total RW  Size (RW Data + ZI Data)              1348 (   1.32kB)
    Total ROM Size (Code + RO Data + RW Data)      23440 (  22.89kB)

==============================================================================

